<?xml version="1.0" encoding="ISO-8859-1" ?>
<link_info>
   <banner>MSP430 Linker PC v18.1.4.LTS</banner>
   <copyright>Copyright (c) 2003-2018 Texas Instruments Incorporated</copyright>
   <link_time>0x5c949c7f</link_time>
   <link_errors>0x0</link_errors>
   <output_file>BOOST-DRV8711_FIRMWAREv1.1.out</output_file>
   <entry_point>
      <name>_c_int00_noargs</name>
      <address>0xc8e0</address>
   </entry_point>
   <input_file_list>
      <input_file id="fl-2">
         <path>.\</path>
         <kind>object</kind>
         <file>main.obj</file>
         <name>main.obj</name>
      </input_file>
      <input_file id="fl-3">
         <path>.\</path>
         <kind>object</kind>
         <file>monitor.obj</file>
         <name>monitor.obj</name>
      </input_file>
      <input_file id="fl-4">
         <path>.\</path>
         <kind>object</kind>
         <file>uart.obj</file>
         <name>uart.obj</name>
      </input_file>
      <input_file id="fl-5">
         <path>.\</path>
         <kind>object</kind>
         <file>utility.obj</file>
         <name>utility.obj</name>
      </input_file>
      <input_file id="fl-a">
         <kind>object</kind>
         <file>&lt;internal&gt;</file>
         <name>&lt;internal&gt;</name>
      </input_file>
      <input_file id="fl-20">
         <path>C:\ti\ccsv8\tools\compiler\ti-cgt-msp430_18.1.4.LTS\lib\</path>
         <kind>archive</kind>
         <file>rts430_eabi.lib</file>
         <name>asr16.asm.obj</name>
      </input_file>
      <input_file id="fl-21">
         <path>C:\ti\ccsv8\tools\compiler\ti-cgt-msp430_18.1.4.LTS\lib\</path>
         <kind>archive</kind>
         <file>rts430_eabi.lib</file>
         <name>div32s.asm.obj</name>
      </input_file>
      <input_file id="fl-22">
         <path>C:\ti\ccsv8\tools\compiler\ti-cgt-msp430_18.1.4.LTS\lib\</path>
         <kind>archive</kind>
         <file>rts430_eabi.lib</file>
         <name>div32u.asm.obj</name>
      </input_file>
      <input_file id="fl-23">
         <path>C:\ti\ccsv8\tools\compiler\ti-cgt-msp430_18.1.4.LTS\lib\</path>
         <kind>archive</kind>
         <file>rts430_eabi.lib</file>
         <name>epilog.asm.obj</name>
      </input_file>
      <input_file id="fl-24">
         <path>C:\ti\ccsv8\tools\compiler\ti-cgt-msp430_18.1.4.LTS\lib\</path>
         <kind>archive</kind>
         <file>rts430_eabi.lib</file>
         <name>fs_add.asm.obj</name>
      </input_file>
      <input_file id="fl-25">
         <path>C:\ti\ccsv8\tools\compiler\ti-cgt-msp430_18.1.4.LTS\lib\</path>
         <kind>archive</kind>
         <file>rts430_eabi.lib</file>
         <name>fs_div.asm.obj</name>
      </input_file>
      <input_file id="fl-26">
         <path>C:\ti\ccsv8\tools\compiler\ti-cgt-msp430_18.1.4.LTS\lib\</path>
         <kind>archive</kind>
         <file>rts430_eabi.lib</file>
         <name>fs_mpy.asm.obj</name>
      </input_file>
      <input_file id="fl-27">
         <path>C:\ti\ccsv8\tools\compiler\ti-cgt-msp430_18.1.4.LTS\lib\</path>
         <kind>archive</kind>
         <file>rts430_eabi.lib</file>
         <name>fs_tou.asm.obj</name>
      </input_file>
      <input_file id="fl-28">
         <path>C:\ti\ccsv8\tools\compiler\ti-cgt-msp430_18.1.4.LTS\lib\</path>
         <kind>archive</kind>
         <file>rts430_eabi.lib</file>
         <name>fs_utof.asm.obj</name>
      </input_file>
      <input_file id="fl-29">
         <path>C:\ti\ccsv8\tools\compiler\ti-cgt-msp430_18.1.4.LTS\lib\</path>
         <kind>archive</kind>
         <file>rts430_eabi.lib</file>
         <name>lsl16.asm.obj</name>
      </input_file>
      <input_file id="fl-2a">
         <path>C:\ti\ccsv8\tools\compiler\ti-cgt-msp430_18.1.4.LTS\lib\</path>
         <kind>archive</kind>
         <file>rts430_eabi.lib</file>
         <name>lsr16.asm.obj</name>
      </input_file>
      <input_file id="fl-2b">
         <path>C:\ti\ccsv8\tools\compiler\ti-cgt-msp430_18.1.4.LTS\lib\</path>
         <kind>archive</kind>
         <file>rts430_eabi.lib</file>
         <name>mult16.asm.obj</name>
      </input_file>
      <input_file id="fl-2c">
         <path>C:\ti\ccsv8\tools\compiler\ti-cgt-msp430_18.1.4.LTS\lib\</path>
         <kind>archive</kind>
         <file>rts430_eabi.lib</file>
         <name>boot.c.obj</name>
      </input_file>
      <input_file id="fl-2d">
         <path>C:\ti\ccsv8\tools\compiler\ti-cgt-msp430_18.1.4.LTS\lib\</path>
         <kind>archive</kind>
         <file>rts430_eabi.lib</file>
         <name>autoinit.c.obj</name>
      </input_file>
      <input_file id="fl-2e">
         <path>C:\ti\ccsv8\tools\compiler\ti-cgt-msp430_18.1.4.LTS\lib\</path>
         <kind>archive</kind>
         <file>rts430_eabi.lib</file>
         <name>copy_zero_init.c.obj</name>
      </input_file>
      <input_file id="fl-2f">
         <path>C:\ti\ccsv8\tools\compiler\ti-cgt-msp430_18.1.4.LTS\lib\</path>
         <kind>archive</kind>
         <file>rts430_eabi.lib</file>
         <name>cpy_tbl.c.obj</name>
      </input_file>
      <input_file id="fl-30">
         <path>C:\ti\ccsv8\tools\compiler\ti-cgt-msp430_18.1.4.LTS\lib\</path>
         <kind>archive</kind>
         <file>rts430_eabi.lib</file>
         <name>mpu_init.c.obj</name>
      </input_file>
      <input_file id="fl-31">
         <path>C:\ti\ccsv8\tools\compiler\ti-cgt-msp430_18.1.4.LTS\lib\</path>
         <kind>archive</kind>
         <file>rts430_eabi.lib</file>
         <name>pre_init.c.obj</name>
      </input_file>
      <input_file id="fl-32">
         <path>C:\ti\ccsv8\tools\compiler\ti-cgt-msp430_18.1.4.LTS\lib\</path>
         <kind>archive</kind>
         <file>rts430_eabi.lib</file>
         <name>startup.c.obj</name>
      </input_file>
      <input_file id="fl-33">
         <path>C:\ti\ccsv8\tools\compiler\ti-cgt-msp430_18.1.4.LTS\lib\</path>
         <kind>archive</kind>
         <file>rts430_eabi.lib</file>
         <name>copy_decompress_none.c.obj</name>
      </input_file>
      <input_file id="fl-34">
         <path>C:\ti\ccsv8\tools\compiler\ti-cgt-msp430_18.1.4.LTS\lib\</path>
         <kind>archive</kind>
         <file>rts430_eabi.lib</file>
         <name>copy_decompress_lzss.c.obj</name>
      </input_file>
      <input_file id="fl-35">
         <path>C:\ti\ccsv8\tools\compiler\ti-cgt-msp430_18.1.4.LTS\lib\</path>
         <kind>archive</kind>
         <file>rts430_eabi.lib</file>
         <name>cvtdf.c.obj</name>
      </input_file>
      <input_file id="fl-36">
         <path>C:\ti\ccsv8\tools\compiler\ti-cgt-msp430_18.1.4.LTS\lib\</path>
         <kind>archive</kind>
         <file>rts430_eabi.lib</file>
         <name>cvtfd.c.obj</name>
      </input_file>
      <input_file id="fl-37">
         <path>C:\ti\ccsv8\tools\compiler\ti-cgt-msp430_18.1.4.LTS\lib\</path>
         <kind>archive</kind>
         <file>rts430_eabi.lib</file>
         <name>divd.c.obj</name>
      </input_file>
      <input_file id="fl-38">
         <path>C:\ti\ccsv8\tools\compiler\ti-cgt-msp430_18.1.4.LTS\lib\</path>
         <kind>archive</kind>
         <file>rts430_eabi.lib</file>
         <name>frcdivd.c.obj</name>
      </input_file>
      <input_file id="fl-39">
         <path>C:\ti\ccsv8\tools\compiler\ti-cgt-msp430_18.1.4.LTS\lib\</path>
         <kind>archive</kind>
         <file>rts430_eabi.lib</file>
         <name>mpyd.c.obj</name>
      </input_file>
      <input_file id="fl-3a">
         <path>C:\ti\ccsv8\tools\compiler\ti-cgt-msp430_18.1.4.LTS\lib\</path>
         <kind>archive</kind>
         <file>rts430_eabi.lib</file>
         <name>exit.c.obj</name>
      </input_file>
      <input_file id="fl-3b">
         <path>C:\ti\ccsv8\tools\compiler\ti-cgt-msp430_18.1.4.LTS\lib\</path>
         <kind>archive</kind>
         <file>rts430_eabi.lib</file>
         <name>_lock.c.obj</name>
      </input_file>
      <input_file id="fl-3c">
         <path>C:\ti\ccsv8\tools\compiler\ti-cgt-msp430_18.1.4.LTS\lib\</path>
         <kind>archive</kind>
         <file>rts430_eabi.lib</file>
         <name>args_main.c.obj</name>
      </input_file>
      <input_file id="fl-3d">
         <path>C:\ti\ccsv8\tools\compiler\ti-cgt-msp430_18.1.4.LTS\lib\</path>
         <kind>archive</kind>
         <file>rts430_eabi.lib</file>
         <name>memcpy.c.obj</name>
      </input_file>
      <input_file id="fl-3e">
         <path>C:\ti\ccsv8\tools\compiler\ti-cgt-msp430_18.1.4.LTS\lib\</path>
         <kind>archive</kind>
         <file>rts430_eabi.lib</file>
         <name>asr32.asm.obj</name>
      </input_file>
      <input_file id="fl-3f">
         <path>C:\ti\ccsv8\tools\compiler\ti-cgt-msp430_18.1.4.LTS\lib\</path>
         <kind>archive</kind>
         <file>rts430_eabi.lib</file>
         <name>lsl32.asm.obj</name>
      </input_file>
      <input_file id="fl-40">
         <path>C:\ti\ccsv8\tools\compiler\ti-cgt-msp430_18.1.4.LTS\lib\</path>
         <kind>archive</kind>
         <file>rts430_eabi.lib</file>
         <name>lsr32.asm.obj</name>
      </input_file>
      <input_file id="fl-41">
         <path>C:\ti\ccsv8\tools\compiler\ti-cgt-msp430_18.1.4.LTS\lib\</path>
         <kind>archive</kind>
         <file>rts430_eabi.lib</file>
         <name>mult32.asm.obj</name>
      </input_file>
      <input_file id="fl-42">
         <path>C:\ti\ccsv8\tools\compiler\ti-cgt-msp430_18.1.4.LTS\lib\</path>
         <kind>archive</kind>
         <file>rts430_eabi.lib</file>
         <name>exit_gvars.c.obj</name>
      </input_file>
      <input_file id="fl-43">
         <path>C:\ti\ccsv8\tools\compiler\ti-cgt-msp430_18.1.4.LTS\lib\</path>
         <kind>archive</kind>
         <file>rts430_eabi.lib</file>
         <name>lsr64.c.obj</name>
      </input_file>
      <input_file id="fl-44">
         <path>C:\ti\ccsv8\tools\compiler\ti-cgt-msp430_18.1.4.LTS\lib\</path>
         <kind>archive</kind>
         <file>rts430_eabi.lib</file>
         <name>frcmpyd.c.obj</name>
      </input_file>
   </input_file_list>
   <object_component_list>
      <object_component id="oc-210">
         <name>.common:gInCmdBuffer</name>
         <uninitialized>true</uninitialized>
         <run_address>0x200</run_address>
         <size>0x44</size>
      </object_component>
      <object_component id="oc-190">
         <name>.common:gInCmdSkipCount</name>
         <uninitialized>true</uninitialized>
         <run_address>0x294</run_address>
         <size>0x2</size>
      </object_component>
      <object_component id="oc-240">
         <name>.common:G_CTRL_REG</name>
         <uninitialized>true</uninitialized>
         <run_address>0x256</run_address>
         <size>0x10</size>
      </object_component>
      <object_component id="oc-243">
         <name>.common:G_TORQUE_REG</name>
         <uninitialized>true</uninitialized>
         <run_address>0x28e</run_address>
         <size>0x6</size>
      </object_component>
      <object_component id="oc-244">
         <name>.common:G_OFF_REG</name>
         <uninitialized>true</uninitialized>
         <run_address>0x288</run_address>
         <size>0x6</size>
      </object_component>
      <object_component id="oc-245">
         <name>.common:G_BLANK_REG</name>
         <uninitialized>true</uninitialized>
         <run_address>0x27c</run_address>
         <size>0x6</size>
      </object_component>
      <object_component id="oc-246">
         <name>.common:G_DECAY_REG</name>
         <uninitialized>true</uninitialized>
         <run_address>0x282</run_address>
         <size>0x6</size>
      </object_component>
      <object_component id="oc-247">
         <name>.common:G_STALL_REG</name>
         <uninitialized>true</uninitialized>
         <run_address>0x274</run_address>
         <size>0x8</size>
      </object_component>
      <object_component id="oc-248">
         <name>.common:G_DRIVE_REG</name>
         <uninitialized>true</uninitialized>
         <run_address>0x266</run_address>
         <size>0xe</size>
      </object_component>
      <object_component id="oc-249">
         <name>.common:G_STATUS_REG</name>
         <uninitialized>true</uninitialized>
         <run_address>0x244</run_address>
         <size>0x12</size>
      </object_component>
      <object_component id="oc-193">
         <name>.data</name>
         <load_address>0x2ec</load_address>
         <run_address>0x2ec</run_address>
         <size>0x2</size>
         <input_file_ref idref="fl-3"/>
      </object_component>
      <object_component id="oc-151">
         <name>.data</name>
         <load_address>0x296</load_address>
         <run_address>0x296</run_address>
         <size>0x56</size>
         <input_file_ref idref="fl-5"/>
      </object_component>
      <object_component id="oc-ab">
         <name>.stack</name>
         <uninitialized>true</uninitialized>
         <run_address>0x3b0</run_address>
         <size>0x2</size>
         <input_file_ref idref="fl-2c"/>
      </object_component>
      <object_component id="oc-330">
         <name>.stack</name>
         <uninitialized>true</uninitialized>
         <run_address>0x3b0</run_address>
         <size>0x0</size>
      </object_component>
      <object_component id="oc-23a">
         <name>.text:UpdateGPIO</name>
         <load_address>0xc000</load_address>
         <run_address>0xc000</run_address>
         <size>0x1aa</size>
         <input_file_ref idref="fl-5"/>
      </object_component>
      <object_component id="oc-1ca">
         <name>.text:Initialize</name>
         <load_address>0xc1aa</load_address>
         <run_address>0xc1aa</run_address>
         <size>0x1a0</size>
         <input_file_ref idref="fl-5"/>
      </object_component>
      <object_component id="oc-24a">
         <name>.text:WriteAllRegisters</name>
         <load_address>0xc34a</load_address>
         <run_address>0xc34a</run_address>
         <size>0x12e</size>
         <input_file_ref idref="fl-5"/>
      </object_component>
      <object_component id="oc-2f">
         <name>.text:decompress:lzss:__TI_decompress_lzss</name>
         <load_address>0xc478</load_address>
         <run_address>0xc478</run_address>
         <size>0x7c</size>
         <input_file_ref idref="fl-34"/>
      </object_component>
      <object_component id="oc-165">
         <name>.text:main</name>
         <load_address>0xc4f4</load_address>
         <run_address>0xc4f4</run_address>
         <size>0x68</size>
         <input_file_ref idref="fl-2"/>
      </object_component>
      <object_component id="oc-14a">
         <name>.text:receivedDataCommand</name>
         <load_address>0xc55c</load_address>
         <run_address>0xc55c</run_address>
         <size>0x66</size>
         <input_file_ref idref="fl-3"/>
      </object_component>
      <object_component id="oc-22c">
         <name>.text:MemAccessCmd</name>
         <load_address>0xc5c2</load_address>
         <run_address>0xc5c2</run_address>
         <size>0x50</size>
         <input_file_ref idref="fl-3"/>
      </object_component>
      <object_component id="oc-b4">
         <name>.text</name>
         <load_address>0xc612</load_address>
         <run_address>0xc612</run_address>
         <size>0x4c</size>
         <input_file_ref idref="fl-2a"/>
      </object_component>
      <object_component id="oc-299">
         <name>.text:WriteMAUToCOM</name>
         <load_address>0xc65e</load_address>
         <run_address>0xc65e</run_address>
         <size>0x4a</size>
         <input_file_ref idref="fl-3"/>
      </object_component>
      <object_component id="oc-293">
         <name>.text:GetWriteCmdDataMAU</name>
         <load_address>0xc6a8</load_address>
         <run_address>0xc6a8</run_address>
         <size>0x42</size>
         <input_file_ref idref="fl-3"/>
      </object_component>
      <object_component id="oc-1dd">
         <name>.text:__TI_auto_init_nobinit_nopinit:__TI_auto_init_nobinit_nopinit</name>
         <load_address>0xc6ea</load_address>
         <run_address>0xc6ea</run_address>
         <size>0x42</size>
         <input_file_ref idref="fl-2d"/>
      </object_component>
      <object_component id="oc-e8">
         <name>.text:Timer1_A1</name>
         <load_address>0xc72c</load_address>
         <run_address>0xc72c</run_address>
         <size>0x3c</size>
         <input_file_ref idref="fl-2"/>
      </object_component>
      <object_component id="oc-287">
         <name>.text:GetInCmdAddress</name>
         <load_address>0xc768</load_address>
         <run_address>0xc768</run_address>
         <size>0x3a</size>
         <input_file_ref idref="fl-3"/>
      </object_component>
      <object_component id="oc-2a9">
         <name>.text:SPI_DRV8711_ReadWrite</name>
         <load_address>0xc7a2</load_address>
         <run_address>0xc7a2</run_address>
         <size>0x30</size>
         <input_file_ref idref="fl-5"/>
      </object_component>
      <object_component id="oc-21d">
         <name>.text</name>
         <load_address>0xc7d2</load_address>
         <run_address>0xc7d2</run_address>
         <size>0x2c</size>
         <input_file_ref idref="fl-20"/>
      </object_component>
      <object_component id="oc-af">
         <name>.text</name>
         <load_address>0xc7fe</load_address>
         <run_address>0xc7fe</run_address>
         <size>0x2c</size>
         <input_file_ref idref="fl-29"/>
      </object_component>
      <object_component id="oc-dc">
         <name>.text:USCI0RX_ISR</name>
         <load_address>0xc82a</load_address>
         <run_address>0xc82a</run_address>
         <size>0x2a</size>
         <input_file_ref idref="fl-4"/>
      </object_component>
      <object_component id="oc-234">
         <name>.text:uartInit</name>
         <load_address>0xc854</load_address>
         <run_address>0xc854</run_address>
         <size>0x2a</size>
         <input_file_ref idref="fl-4"/>
      </object_component>
      <object_component id="oc-1b3">
         <name>.text:ProcessCommand</name>
         <load_address>0xc87e</load_address>
         <run_address>0xc87e</run_address>
         <size>0x26</size>
         <input_file_ref idref="fl-3"/>
      </object_component>
      <object_component id="oc-1a8">
         <name>.text:GetSizeOfMAUIn8bitByte</name>
         <load_address>0xc8a4</load_address>
         <run_address>0xc8a4</run_address>
         <size>0x1e</size>
         <input_file_ref idref="fl-3"/>
      </object_component>
      <object_component id="oc-ee">
         <name>.text:Timer1_A0</name>
         <load_address>0xc8c2</load_address>
         <run_address>0xc8c2</run_address>
         <size>0x1e</size>
         <input_file_ref idref="fl-2"/>
      </object_component>
      <object_component id="oc-106">
         <name>.text:_c_int00_noargs</name>
         <load_address>0xc8e0</load_address>
         <run_address>0xc8e0</run_address>
         <size>0x1c</size>
         <input_file_ref idref="fl-2c"/>
      </object_component>
      <object_component id="oc-211">
         <name>.text:WriteToCmdBuffer</name>
         <load_address>0xc8fc</load_address>
         <run_address>0xc8fc</run_address>
         <size>0x1a</size>
         <input_file_ref idref="fl-3"/>
      </object_component>
      <object_component id="oc-196">
         <name>.text:VerifyInputCmdHeaders</name>
         <load_address>0xc916</load_address>
         <run_address>0xc916</run_address>
         <size>0x14</size>
         <input_file_ref idref="fl-3"/>
      </object_component>
      <object_component id="oc-f4">
         <name>.text:decompress:ZI:__TI_zero_init_nomemset:__TI_zero_init_nomemset</name>
         <load_address>0xc92a</load_address>
         <run_address>0xc92a</run_address>
         <size>0x14</size>
         <input_file_ref idref="fl-2e"/>
      </object_component>
      <object_component id="oc-1ae">
         <name>.text</name>
         <load_address>0xc93e</load_address>
         <run_address>0xc93e</run_address>
         <size>0x14</size>
         <input_file_ref idref="fl-2b"/>
      </object_component>
      <object_component id="oc-35">
         <name>.text:decompress:none:__TI_decompress_none</name>
         <load_address>0xc952</load_address>
         <run_address>0xc952</run_address>
         <size>0x12</size>
         <input_file_ref idref="fl-33"/>
      </object_component>
      <object_component id="oc-c9">
         <name>.text:memcpy</name>
         <load_address>0xc964</load_address>
         <run_address>0xc964</run_address>
         <size>0x12</size>
         <input_file_ref idref="fl-3d"/>
      </object_component>
      <object_component id="oc-18a">
         <name>.text:WriteByteToInCmdBuffer</name>
         <load_address>0xc976</load_address>
         <run_address>0xc976</run_address>
         <size>0x10</size>
         <input_file_ref idref="fl-3"/>
      </object_component>
      <object_component id="oc-b9">
         <name>.text</name>
         <load_address>0xc986</load_address>
         <run_address>0xc986</run_address>
         <size>0x10</size>
         <input_file_ref idref="fl-23"/>
      </object_component>
      <object_component id="oc-19c">
         <name>.text:GetRWFlag</name>
         <load_address>0xc996</load_address>
         <run_address>0xc996</run_address>
         <size>0xc</size>
         <input_file_ref idref="fl-3"/>
      </object_component>
      <object_component id="oc-e2">
         <name>.text:WatchDog_Timer</name>
         <load_address>0xc9a2</load_address>
         <run_address>0xc9a2</run_address>
         <size>0xc</size>
         <input_file_ref idref="fl-2"/>
      </object_component>
      <object_component id="oc-28d">
         <name>.text:uartTxByte</name>
         <load_address>0xc9ae</load_address>
         <run_address>0xc9ae</run_address>
         <size>0xc</size>
         <input_file_ref idref="fl-4"/>
      </object_component>
      <object_component id="oc-1b9">
         <name>.text:ClearBufferRelatedParam</name>
         <load_address>0xc9ba</load_address>
         <run_address>0xc9ba</run_address>
         <size>0xa</size>
         <input_file_ref idref="fl-3"/>
      </object_component>
      <object_component id="oc-226">
         <name>.text:GetInputCmdType</name>
         <load_address>0xc9c4</load_address>
         <run_address>0xc9c4</run_address>
         <size>0xa</size>
         <input_file_ref idref="fl-3"/>
      </object_component>
      <object_component id="oc-1a2">
         <name>.text:GetTransferSizeInMAU</name>
         <load_address>0xc9ce</load_address>
         <run_address>0xc9ce</run_address>
         <size>0xa</size>
         <input_file_ref idref="fl-3"/>
      </object_component>
      <object_component id="oc-1d1">
         <name>.text:abort</name>
         <load_address>0xc9d8</load_address>
         <run_address>0xc9d8</run_address>
         <size>0x6</size>
         <input_file_ref idref="fl-3a"/>
      </object_component>
      <object_component id="oc-2db">
         <name>.text:GetTargetEndianness</name>
         <load_address>0xc9de</load_address>
         <run_address>0xc9de</run_address>
         <size>0x4</size>
         <input_file_ref idref="fl-3"/>
      </object_component>
      <object_component id="oc-15f">
         <name>.text:_system_pre_init</name>
         <load_address>0xc9e2</load_address>
         <run_address>0xc9e2</run_address>
         <size>0x4</size>
         <input_file_ref idref="fl-31"/>
      </object_component>
      <object_component id="oc-d6">
         <name>.text:Trap_ISR</name>
         <load_address>0xc9e6</load_address>
         <run_address>0xc9e6</run_address>
         <size>0x2</size>
         <input_file_ref idref="fl-2"/>
      </object_component>
      <object_component id="oc-263">
         <name>.text:_system_post_cinit</name>
         <load_address>0xc9e8</load_address>
         <run_address>0xc9e8</run_address>
         <size>0x2</size>
         <input_file_ref idref="fl-32"/>
      </object_component>
      <object_component id="oc-32f">
         <name>.cinit..data.load</name>
         <load_address>0xc9ea</load_address>
         <run_address>0xc9ea</run_address>
         <size>0x14</size>
      </object_component>
      <object_component id="oc-32c">
         <name>__TI_handler_table</name>
         <load_address>0xc9fe</load_address>
         <run_address>0xc9fe</run_address>
         <size>0x6</size>
      </object_component>
      <object_component id="oc-32e">
         <name>.cinit..bss.load</name>
         <load_address>0xca04</load_address>
         <run_address>0xca04</run_address>
         <size>0x4</size>
      </object_component>
      <object_component id="oc-32d">
         <name>__TI_cinit_table</name>
         <load_address>0xca08</load_address>
         <run_address>0xca08</run_address>
         <size>0x8</size>
      </object_component>
      <object_component id="oc-3b">
         <name>.int02</name>
         <load_address>0xffe4</load_address>
         <run_address>0xffe4</run_address>
         <size>0x2</size>
         <input_file_ref idref="fl-2"/>
      </object_component>
      <object_component id="oc-3c">
         <name>.int03</name>
         <load_address>0xffe6</load_address>
         <run_address>0xffe6</run_address>
         <size>0x2</size>
         <input_file_ref idref="fl-2"/>
      </object_component>
      <object_component id="oc-3d">
         <name>.int05</name>
         <load_address>0xffea</load_address>
         <run_address>0xffea</run_address>
         <size>0x2</size>
         <input_file_ref idref="fl-2"/>
      </object_component>
      <object_component id="oc-3e">
         <name>.int06</name>
         <load_address>0xffec</load_address>
         <run_address>0xffec</run_address>
         <size>0x2</size>
         <input_file_ref idref="fl-2"/>
      </object_component>
      <object_component id="oc-3f">
         <name>.int07</name>
         <load_address>0xffee</load_address>
         <run_address>0xffee</run_address>
         <size>0x2</size>
         <input_file_ref idref="fl-4"/>
      </object_component>
      <object_component id="oc-40">
         <name>.int08</name>
         <load_address>0xfff0</load_address>
         <run_address>0xfff0</run_address>
         <size>0x2</size>
         <input_file_ref idref="fl-2"/>
      </object_component>
      <object_component id="oc-41">
         <name>.int09</name>
         <load_address>0xfff2</load_address>
         <run_address>0xfff2</run_address>
         <size>0x2</size>
         <input_file_ref idref="fl-2"/>
      </object_component>
      <object_component id="oc-42">
         <name>.int10</name>
         <load_address>0xfff4</load_address>
         <run_address>0xfff4</run_address>
         <size>0x2</size>
         <input_file_ref idref="fl-2"/>
      </object_component>
      <object_component id="oc-43">
         <name>.int11</name>
         <load_address>0xfff6</load_address>
         <run_address>0xfff6</run_address>
         <size>0x2</size>
         <input_file_ref idref="fl-2"/>
      </object_component>
      <object_component id="oc-44">
         <name>.int12</name>
         <load_address>0xfff8</load_address>
         <run_address>0xfff8</run_address>
         <size>0x2</size>
         <input_file_ref idref="fl-2"/>
      </object_component>
      <object_component id="oc-45">
         <name>.int13</name>
         <load_address>0xfffa</load_address>
         <run_address>0xfffa</run_address>
         <size>0x2</size>
         <input_file_ref idref="fl-2"/>
      </object_component>
      <object_component id="oc-46">
         <name>.int14</name>
         <load_address>0xfffc</load_address>
         <run_address>0xfffc</run_address>
         <size>0x2</size>
         <input_file_ref idref="fl-2"/>
      </object_component>
      <object_component id="oc-ae">
         <name>.reset</name>
         <load_address>0xfffe</load_address>
         <run_address>0xfffe</run_address>
         <size>0x2</size>
         <input_file_ref idref="fl-2c"/>
      </object_component>
      <object_component id="oc-166">
         <name>.debug_info</name>
         <load_address>0x0</load_address>
         <run_address>0x0</run_address>
         <size>0x10a</size>
         <input_file_ref idref="fl-2"/>
      </object_component>
      <object_component id="oc-e3">
         <name>.debug_info</name>
         <load_address>0x10a</load_address>
         <run_address>0x10a</run_address>
         <size>0x110</size>
         <input_file_ref idref="fl-2"/>
      </object_component>
      <object_component id="oc-d7">
         <name>.debug_info</name>
         <load_address>0x21a</load_address>
         <run_address>0x21a</run_address>
         <size>0x104</size>
         <input_file_ref idref="fl-2"/>
      </object_component>
      <object_component id="oc-e9">
         <name>.debug_info</name>
         <load_address>0x31e</load_address>
         <run_address>0x31e</run_address>
         <size>0x106</size>
         <input_file_ref idref="fl-2"/>
      </object_component>
      <object_component id="oc-f2">
         <name>.debug_info</name>
         <load_address>0x424</load_address>
         <run_address>0x424</run_address>
         <size>0x106</size>
         <input_file_ref idref="fl-2"/>
      </object_component>
      <object_component id="oc-c4">
         <name>.debug_info</name>
         <load_address>0x52a</load_address>
         <run_address>0x52a</run_address>
         <size>0x84</size>
         <input_file_ref idref="fl-2"/>
      </object_component>
      <object_component id="oc-191">
         <name>.debug_info</name>
         <load_address>0x5ae</load_address>
         <run_address>0x5ae</run_address>
         <size>0x1d8</size>
         <input_file_ref idref="fl-3"/>
      </object_component>
      <object_component id="oc-194">
         <name>.debug_info</name>
         <load_address>0x786</load_address>
         <run_address>0x786</run_address>
         <size>0xea</size>
         <input_file_ref idref="fl-3"/>
      </object_component>
      <object_component id="oc-212">
         <name>.debug_info</name>
         <load_address>0x870</load_address>
         <run_address>0x870</run_address>
         <size>0x16f</size>
         <input_file_ref idref="fl-3"/>
      </object_component>
      <object_component id="oc-18b">
         <name>.debug_info</name>
         <load_address>0x9df</load_address>
         <run_address>0x9df</run_address>
         <size>0x159</size>
         <input_file_ref idref="fl-3"/>
      </object_component>
      <object_component id="oc-197">
         <name>.debug_info</name>
         <load_address>0xb38</load_address>
         <run_address>0xb38</run_address>
         <size>0x12a</size>
         <input_file_ref idref="fl-3"/>
      </object_component>
      <object_component id="oc-19d">
         <name>.debug_info</name>
         <load_address>0xc62</load_address>
         <run_address>0xc62</run_address>
         <size>0x137</size>
         <input_file_ref idref="fl-3"/>
      </object_component>
      <object_component id="oc-1a9">
         <name>.debug_info</name>
         <load_address>0xd99</load_address>
         <run_address>0xd99</run_address>
         <size>0x14b</size>
         <input_file_ref idref="fl-3"/>
      </object_component>
      <object_component id="oc-1a3">
         <name>.debug_info</name>
         <load_address>0xee4</load_address>
         <run_address>0xee4</run_address>
         <size>0x128</size>
         <input_file_ref idref="fl-3"/>
      </object_component>
      <object_component id="oc-227">
         <name>.debug_info</name>
         <load_address>0x100c</load_address>
         <run_address>0x100c</run_address>
         <size>0x11e</size>
         <input_file_ref idref="fl-3"/>
      </object_component>
      <object_component id="oc-288">
         <name>.debug_info</name>
         <load_address>0x112a</load_address>
         <run_address>0x112a</run_address>
         <size>0x18f</size>
         <input_file_ref idref="fl-3"/>
      </object_component>
      <object_component id="oc-294">
         <name>.debug_info</name>
         <load_address>0x12b9</load_address>
         <run_address>0x12b9</run_address>
         <size>0x1cf</size>
         <input_file_ref idref="fl-3"/>
      </object_component>
      <object_component id="oc-2dc">
         <name>.debug_info</name>
         <load_address>0x1488</load_address>
         <run_address>0x1488</run_address>
         <size>0x126</size>
         <input_file_ref idref="fl-3"/>
      </object_component>
      <object_component id="oc-29a">
         <name>.debug_info</name>
         <load_address>0x15ae</load_address>
         <run_address>0x15ae</run_address>
         <size>0x1f0</size>
         <input_file_ref idref="fl-3"/>
      </object_component>
      <object_component id="oc-22d">
         <name>.debug_info</name>
         <load_address>0x179e</load_address>
         <run_address>0x179e</run_address>
         <size>0x202</size>
         <input_file_ref idref="fl-3"/>
      </object_component>
      <object_component id="oc-1b4">
         <name>.debug_info</name>
         <load_address>0x19a0</load_address>
         <run_address>0x19a0</run_address>
         <size>0x171</size>
         <input_file_ref idref="fl-3"/>
      </object_component>
      <object_component id="oc-1ba">
         <name>.debug_info</name>
         <load_address>0x1b11</load_address>
         <run_address>0x1b11</run_address>
         <size>0x12a</size>
         <input_file_ref idref="fl-3"/>
      </object_component>
      <object_component id="oc-14b">
         <name>.debug_info</name>
         <load_address>0x1c3b</load_address>
         <run_address>0x1c3b</run_address>
         <size>0x216</size>
         <input_file_ref idref="fl-3"/>
      </object_component>
      <object_component id="oc-28f">
         <name>.debug_info</name>
         <load_address>0x1e51</load_address>
         <run_address>0x1e51</run_address>
         <size>0x129</size>
         <input_file_ref idref="fl-4"/>
      </object_component>
      <object_component id="oc-236">
         <name>.debug_info</name>
         <load_address>0x1f7a</load_address>
         <run_address>0x1f7a</run_address>
         <size>0x103</size>
         <input_file_ref idref="fl-4"/>
      </object_component>
      <object_component id="oc-dd">
         <name>.debug_info</name>
         <load_address>0x207d</load_address>
         <run_address>0x207d</run_address>
         <size>0x124</size>
         <input_file_ref idref="fl-4"/>
      </object_component>
      <object_component id="oc-241">
         <name>.debug_info</name>
         <load_address>0x21a1</load_address>
         <run_address>0x21a1</run_address>
         <size>0x62e</size>
         <input_file_ref idref="fl-5"/>
      </object_component>
      <object_component id="oc-152">
         <name>.debug_info</name>
         <load_address>0x27cf</load_address>
         <run_address>0x27cf</run_address>
         <size>0x7b6</size>
         <input_file_ref idref="fl-5"/>
      </object_component>
      <object_component id="oc-2aa">
         <name>.debug_info</name>
         <load_address>0x2f85</load_address>
         <run_address>0x2f85</run_address>
         <size>0x19a</size>
         <input_file_ref idref="fl-5"/>
      </object_component>
      <object_component id="oc-24c">
         <name>.debug_info</name>
         <load_address>0x311f</load_address>
         <run_address>0x311f</run_address>
         <size>0x2af</size>
         <input_file_ref idref="fl-5"/>
      </object_component>
      <object_component id="oc-23b">
         <name>.debug_info</name>
         <load_address>0x33ce</load_address>
         <run_address>0x33ce</run_address>
         <size>0x14e</size>
         <input_file_ref idref="fl-5"/>
      </object_component>
      <object_component id="oc-1cb">
         <name>.debug_info</name>
         <load_address>0x351c</load_address>
         <run_address>0x351c</run_address>
         <size>0x167</size>
         <input_file_ref idref="fl-5"/>
      </object_component>
      <object_component id="oc-1c2">
         <name>.debug_info</name>
         <load_address>0x3683</load_address>
         <run_address>0x3683</run_address>
         <size>0xeb</size>
         <input_file_ref idref="fl-5"/>
      </object_component>
      <object_component id="oc-2a4">
         <name>.debug_info</name>
         <load_address>0x376e</load_address>
         <run_address>0x376e</run_address>
         <size>0x3af</size>
         <input_file_ref idref="fl-5"/>
      </object_component>
      <object_component id="oc-220">
         <name>.debug_info</name>
         <load_address>0x3b1d</load_address>
         <run_address>0x3b1d</run_address>
         <size>0x123</size>
         <input_file_ref idref="fl-20"/>
      </object_component>
      <object_component id="oc-ba">
         <name>.debug_info</name>
         <load_address>0x3c40</load_address>
         <run_address>0x3c40</run_address>
         <size>0x131</size>
         <input_file_ref idref="fl-23"/>
      </object_component>
      <object_component id="oc-b2">
         <name>.debug_info</name>
         <load_address>0x3d71</load_address>
         <run_address>0x3d71</run_address>
         <size>0x123</size>
         <input_file_ref idref="fl-29"/>
      </object_component>
      <object_component id="oc-b6">
         <name>.debug_info</name>
         <load_address>0x3e94</load_address>
         <run_address>0x3e94</run_address>
         <size>0x123</size>
         <input_file_ref idref="fl-2a"/>
      </object_component>
      <object_component id="oc-1b0">
         <name>.debug_info</name>
         <load_address>0x3fb7</load_address>
         <run_address>0x3fb7</run_address>
         <size>0x124</size>
         <input_file_ref idref="fl-2b"/>
      </object_component>
      <object_component id="oc-ac">
         <name>.debug_info</name>
         <load_address>0x40db</load_address>
         <run_address>0x40db</run_address>
         <size>0x100</size>
         <input_file_ref idref="fl-2c"/>
      </object_component>
      <object_component id="oc-107">
         <name>.debug_info</name>
         <load_address>0x41db</load_address>
         <run_address>0x41db</run_address>
         <size>0x17a</size>
         <input_file_ref idref="fl-2c"/>
      </object_component>
      <object_component id="oc-26a">
         <name>.debug_info</name>
         <load_address>0x4355</load_address>
         <run_address>0x4355</run_address>
         <size>0x47d</size>
         <input_file_ref idref="fl-2d"/>
      </object_component>
      <object_component id="oc-1de">
         <name>.debug_info</name>
         <load_address>0x47d2</load_address>
         <run_address>0x47d2</run_address>
         <size>0x1e0</size>
         <input_file_ref idref="fl-2d"/>
      </object_component>
      <object_component id="oc-2c7">
         <name>.debug_info</name>
         <load_address>0x49b2</load_address>
         <run_address>0x49b2</run_address>
         <size>0x39</size>
         <input_file_ref idref="fl-2d"/>
      </object_component>
      <object_component id="oc-2d3">
         <name>.debug_info</name>
         <load_address>0x49eb</load_address>
         <run_address>0x49eb</run_address>
         <size>0x2c</size>
         <input_file_ref idref="fl-2d"/>
      </object_component>
      <object_component id="oc-275">
         <name>.debug_info</name>
         <load_address>0x4a17</load_address>
         <run_address>0x4a17</run_address>
         <size>0x2c</size>
         <input_file_ref idref="fl-2d"/>
      </object_component>
      <object_component id="oc-2cc">
         <name>.debug_info</name>
         <load_address>0x4a43</load_address>
         <run_address>0x4a43</run_address>
         <size>0xcd</size>
         <input_file_ref idref="fl-2d"/>
      </object_component>
      <object_component id="oc-15d">
         <name>.debug_info</name>
         <load_address>0x4b10</load_address>
         <run_address>0x4b10</run_address>
         <size>0x1bf</size>
         <input_file_ref idref="fl-2e"/>
      </object_component>
      <object_component id="oc-f5">
         <name>.debug_info</name>
         <load_address>0x4ccf</load_address>
         <run_address>0x4ccf</run_address>
         <size>0x1d2</size>
         <input_file_ref idref="fl-2e"/>
      </object_component>
      <object_component id="oc-158">
         <name>.debug_info</name>
         <load_address>0x4ea1</load_address>
         <run_address>0x4ea1</run_address>
         <size>0x46</size>
         <input_file_ref idref="fl-2e"/>
      </object_component>
      <object_component id="oc-13d">
         <name>.debug_info</name>
         <load_address>0x4ee7</load_address>
         <run_address>0x4ee7</run_address>
         <size>0x2c</size>
         <input_file_ref idref="fl-2e"/>
      </object_component>
      <object_component id="oc-162">
         <name>.debug_info</name>
         <load_address>0x4f13</load_address>
         <run_address>0x4f13</run_address>
         <size>0x153</size>
         <input_file_ref idref="fl-31"/>
      </object_component>
      <object_component id="oc-264">
         <name>.debug_info</name>
         <load_address>0x5066</load_address>
         <run_address>0x5066</run_address>
         <size>0x150</size>
         <input_file_ref idref="fl-32"/>
      </object_component>
      <object_component id="oc-d5">
         <name>.debug_info</name>
         <load_address>0x51b6</load_address>
         <run_address>0x51b6</run_address>
         <size>0x180</size>
         <input_file_ref idref="fl-33"/>
      </object_component>
      <object_component id="oc-37">
         <name>.debug_info</name>
         <load_address>0x5336</load_address>
         <run_address>0x5336</run_address>
         <size>0x1ea</size>
         <input_file_ref idref="fl-33"/>
      </object_component>
      <object_component id="oc-d0">
         <name>.debug_info</name>
         <load_address>0x5520</load_address>
         <run_address>0x5520</run_address>
         <size>0x46</size>
         <input_file_ref idref="fl-33"/>
      </object_component>
      <object_component id="oc-142">
         <name>.debug_info</name>
         <load_address>0x5566</load_address>
         <run_address>0x5566</run_address>
         <size>0x2c</size>
         <input_file_ref idref="fl-33"/>
      </object_component>
      <object_component id="oc-13a">
         <name>.debug_info</name>
         <load_address>0x5592</load_address>
         <run_address>0x5592</run_address>
         <size>0x176</size>
         <input_file_ref idref="fl-34"/>
      </object_component>
      <object_component id="oc-30">
         <name>.debug_info</name>
         <load_address>0x5708</load_address>
         <run_address>0x5708</run_address>
         <size>0x292</size>
         <input_file_ref idref="fl-34"/>
      </object_component>
      <object_component id="oc-bf">
         <name>.debug_info</name>
         <load_address>0x599a</load_address>
         <run_address>0x599a</run_address>
         <size>0x60</size>
         <input_file_ref idref="fl-34"/>
      </object_component>
      <object_component id="oc-181">
         <name>.debug_info</name>
         <load_address>0x59fa</load_address>
         <run_address>0x59fa</run_address>
         <size>0x46</size>
         <input_file_ref idref="fl-34"/>
      </object_component>
      <object_component id="oc-135">
         <name>.debug_info</name>
         <load_address>0x5a40</load_address>
         <run_address>0x5a40</run_address>
         <size>0x39</size>
         <input_file_ref idref="fl-34"/>
      </object_component>
      <object_component id="oc-1d2">
         <name>.debug_info</name>
         <load_address>0x5a79</load_address>
         <run_address>0x5a79</run_address>
         <size>0x122</size>
         <input_file_ref idref="fl-3a"/>
      </object_component>
      <object_component id="oc-13c">
         <name>.debug_info</name>
         <load_address>0x5b9b</load_address>
         <run_address>0x5b9b</run_address>
         <size>0x181</size>
         <input_file_ref idref="fl-3d"/>
      </object_component>
      <object_component id="oc-cd">
         <name>.debug_info</name>
         <load_address>0x5d1c</load_address>
         <run_address>0x5d1c</run_address>
         <size>0x17a</size>
         <input_file_ref idref="fl-3d"/>
      </object_component>
      <object_component id="oc-331">
         <name>.debug_info</name>
         <load_address>0x5e96</load_address>
         <run_address>0x5e96</run_address>
         <size>0xab</size>
      </object_component>
      <object_component id="oc-169">
         <name>.debug_line</name>
         <load_address>0x0</load_address>
         <run_address>0x0</run_address>
         <size>0x70</size>
         <input_file_ref idref="fl-2"/>
      </object_component>
      <object_component id="oc-e6">
         <name>.debug_line</name>
         <load_address>0x70</load_address>
         <run_address>0x70</run_address>
         <size>0x44</size>
         <input_file_ref idref="fl-2"/>
      </object_component>
      <object_component id="oc-da">
         <name>.debug_line</name>
         <load_address>0xb4</load_address>
         <run_address>0xb4</run_address>
         <size>0x3d</size>
         <input_file_ref idref="fl-2"/>
      </object_component>
      <object_component id="oc-ed">
         <name>.debug_line</name>
         <load_address>0xf1</load_address>
         <run_address>0xf1</run_address>
         <size>0x51</size>
         <input_file_ref idref="fl-2"/>
      </object_component>
      <object_component id="oc-ef">
         <name>.debug_line</name>
         <load_address>0x142</load_address>
         <run_address>0x142</run_address>
         <size>0x49</size>
         <input_file_ref idref="fl-2"/>
      </object_component>
      <object_component id="oc-c7">
         <name>.debug_line</name>
         <load_address>0x18b</load_address>
         <run_address>0x18b</run_address>
         <size>0x20</size>
         <input_file_ref idref="fl-2"/>
      </object_component>
      <object_component id="oc-219">
         <name>.debug_line</name>
         <load_address>0x1ab</load_address>
         <run_address>0x1ab</run_address>
         <size>0x3d</size>
         <input_file_ref idref="fl-3"/>
      </object_component>
      <object_component id="oc-21b">
         <name>.debug_line</name>
         <load_address>0x1e8</load_address>
         <run_address>0x1e8</run_address>
         <size>0x30</size>
         <input_file_ref idref="fl-3"/>
      </object_component>
      <object_component id="oc-215">
         <name>.debug_line</name>
         <load_address>0x218</load_address>
         <run_address>0x218</run_address>
         <size>0x4e</size>
         <input_file_ref idref="fl-3"/>
      </object_component>
      <object_component id="oc-18e">
         <name>.debug_line</name>
         <load_address>0x266</load_address>
         <run_address>0x266</run_address>
         <size>0x46</size>
         <input_file_ref idref="fl-3"/>
      </object_component>
      <object_component id="oc-19a">
         <name>.debug_line</name>
         <load_address>0x2ac</load_address>
         <run_address>0x2ac</run_address>
         <size>0x46</size>
         <input_file_ref idref="fl-3"/>
      </object_component>
      <object_component id="oc-1a0">
         <name>.debug_line</name>
         <load_address>0x2f2</load_address>
         <run_address>0x2f2</run_address>
         <size>0x49</size>
         <input_file_ref idref="fl-3"/>
      </object_component>
      <object_component id="oc-1ac">
         <name>.debug_line</name>
         <load_address>0x33b</load_address>
         <run_address>0x33b</run_address>
         <size>0x4b</size>
         <input_file_ref idref="fl-3"/>
      </object_component>
      <object_component id="oc-1a6">
         <name>.debug_line</name>
         <load_address>0x386</load_address>
         <run_address>0x386</run_address>
         <size>0x46</size>
         <input_file_ref idref="fl-3"/>
      </object_component>
      <object_component id="oc-22a">
         <name>.debug_line</name>
         <load_address>0x3cc</load_address>
         <run_address>0x3cc</run_address>
         <size>0x46</size>
         <input_file_ref idref="fl-3"/>
      </object_component>
      <object_component id="oc-28b">
         <name>.debug_line</name>
         <load_address>0x412</load_address>
         <run_address>0x412</run_address>
         <size>0x53</size>
         <input_file_ref idref="fl-3"/>
      </object_component>
      <object_component id="oc-297">
         <name>.debug_line</name>
         <load_address>0x465</load_address>
         <run_address>0x465</run_address>
         <size>0x5d</size>
         <input_file_ref idref="fl-3"/>
      </object_component>
      <object_component id="oc-2df">
         <name>.debug_line</name>
         <load_address>0x4c2</load_address>
         <run_address>0x4c2</run_address>
         <size>0x43</size>
         <input_file_ref idref="fl-3"/>
      </object_component>
      <object_component id="oc-29d">
         <name>.debug_line</name>
         <load_address>0x505</load_address>
         <run_address>0x505</run_address>
         <size>0x5c</size>
         <input_file_ref idref="fl-3"/>
      </object_component>
      <object_component id="oc-230">
         <name>.debug_line</name>
         <load_address>0x561</load_address>
         <run_address>0x561</run_address>
         <size>0x64</size>
         <input_file_ref idref="fl-3"/>
      </object_component>
      <object_component id="oc-1b7">
         <name>.debug_line</name>
         <load_address>0x5c5</load_address>
         <run_address>0x5c5</run_address>
         <size>0x53</size>
         <input_file_ref idref="fl-3"/>
      </object_component>
      <object_component id="oc-1bd">
         <name>.debug_line</name>
         <load_address>0x618</load_address>
         <run_address>0x618</run_address>
         <size>0x47</size>
         <input_file_ref idref="fl-3"/>
      </object_component>
      <object_component id="oc-14e">
         <name>.debug_line</name>
         <load_address>0x65f</load_address>
         <run_address>0x65f</run_address>
         <size>0x67</size>
         <input_file_ref idref="fl-3"/>
      </object_component>
      <object_component id="oc-28e">
         <name>.debug_line</name>
         <load_address>0x6c6</load_address>
         <run_address>0x6c6</run_address>
         <size>0x46</size>
         <input_file_ref idref="fl-4"/>
      </object_component>
      <object_component id="oc-235">
         <name>.debug_line</name>
         <load_address>0x70c</load_address>
         <run_address>0x70c</run_address>
         <size>0x47</size>
         <input_file_ref idref="fl-4"/>
      </object_component>
      <object_component id="oc-e1">
         <name>.debug_line</name>
         <load_address>0x753</load_address>
         <run_address>0x753</run_address>
         <size>0x49</size>
         <input_file_ref idref="fl-4"/>
      </object_component>
      <object_component id="oc-2a3">
         <name>.debug_line</name>
         <load_address>0x79c</load_address>
         <run_address>0x79c</run_address>
         <size>0x82</size>
         <input_file_ref idref="fl-5"/>
      </object_component>
      <object_component id="oc-1c1">
         <name>.debug_line</name>
         <load_address>0x81e</load_address>
         <run_address>0x81e</run_address>
         <size>0x30</size>
         <input_file_ref idref="fl-5"/>
      </object_component>
      <object_component id="oc-2ad">
         <name>.debug_line</name>
         <load_address>0x84e</load_address>
         <run_address>0x84e</run_address>
         <size>0x51</size>
         <input_file_ref idref="fl-5"/>
      </object_component>
      <object_component id="oc-24b">
         <name>.debug_line</name>
         <load_address>0x89f</load_address>
         <run_address>0x89f</run_address>
         <size>0x5d</size>
         <input_file_ref idref="fl-5"/>
      </object_component>
      <object_component id="oc-23e">
         <name>.debug_line</name>
         <load_address>0x8fc</load_address>
         <run_address>0x8fc</run_address>
         <size>0x12c</size>
         <input_file_ref idref="fl-5"/>
      </object_component>
      <object_component id="oc-1ce">
         <name>.debug_line</name>
         <load_address>0xa28</load_address>
         <run_address>0xa28</run_address>
         <size>0xa7</size>
         <input_file_ref idref="fl-5"/>
      </object_component>
      <object_component id="oc-1c5">
         <name>.debug_line</name>
         <load_address>0xacf</load_address>
         <run_address>0xacf</run_address>
         <size>0x30</size>
         <input_file_ref idref="fl-5"/>
      </object_component>
      <object_component id="oc-2a7">
         <name>.debug_line</name>
         <load_address>0xaff</load_address>
         <run_address>0xaff</run_address>
         <size>0x32</size>
         <input_file_ref idref="fl-5"/>
      </object_component>
      <object_component id="oc-21f">
         <name>.debug_line</name>
         <load_address>0xb31</load_address>
         <run_address>0xb31</run_address>
         <size>0x4e</size>
         <input_file_ref idref="fl-20"/>
      </object_component>
      <object_component id="oc-bd">
         <name>.debug_line</name>
         <load_address>0xb7f</load_address>
         <run_address>0xb7f</run_address>
         <size>0x40</size>
         <input_file_ref idref="fl-23"/>
      </object_component>
      <object_component id="oc-b1">
         <name>.debug_line</name>
         <load_address>0xbbf</load_address>
         <run_address>0xbbf</run_address>
         <size>0x4e</size>
         <input_file_ref idref="fl-29"/>
      </object_component>
      <object_component id="oc-b8">
         <name>.debug_line</name>
         <load_address>0xc0d</load_address>
         <run_address>0xc0d</run_address>
         <size>0x5e</size>
         <input_file_ref idref="fl-2a"/>
      </object_component>
      <object_component id="oc-1af">
         <name>.debug_line</name>
         <load_address>0xc6b</load_address>
         <run_address>0xc6b</run_address>
         <size>0x42</size>
         <input_file_ref idref="fl-2b"/>
      </object_component>
      <object_component id="oc-131">
         <name>.debug_line</name>
         <load_address>0xcad</load_address>
         <run_address>0xcad</run_address>
         <size>0x2a</size>
         <input_file_ref idref="fl-2c"/>
      </object_component>
      <object_component id="oc-10b">
         <name>.debug_line</name>
         <load_address>0xcd7</load_address>
         <run_address>0xcd7</run_address>
         <size>0x46</size>
         <input_file_ref idref="fl-2c"/>
      </object_component>
      <object_component id="oc-2c6">
         <name>.debug_line</name>
         <load_address>0xd1d</load_address>
         <run_address>0xd1d</run_address>
         <size>0xc2</size>
         <input_file_ref idref="fl-2d"/>
      </object_component>
      <object_component id="oc-1e2">
         <name>.debug_line</name>
         <load_address>0xddf</load_address>
         <run_address>0xddf</run_address>
         <size>0x76</size>
         <input_file_ref idref="fl-2d"/>
      </object_component>
      <object_component id="oc-2ca">
         <name>.debug_line</name>
         <load_address>0xe55</load_address>
         <run_address>0xe55</run_address>
         <size>0x2e</size>
         <input_file_ref idref="fl-2d"/>
      </object_component>
      <object_component id="oc-2d6">
         <name>.debug_line</name>
         <load_address>0xe83</load_address>
         <run_address>0xe83</run_address>
         <size>0x9d</size>
         <input_file_ref idref="fl-2d"/>
      </object_component>
      <object_component id="oc-278">
         <name>.debug_line</name>
         <load_address>0xf20</load_address>
         <run_address>0xf20</run_address>
         <size>0x9a</size>
         <input_file_ref idref="fl-2d"/>
      </object_component>
      <object_component id="oc-2cf">
         <name>.debug_line</name>
         <load_address>0xfba</load_address>
         <run_address>0xfba</run_address>
         <size>0x96</size>
         <input_file_ref idref="fl-2d"/>
      </object_component>
      <object_component id="oc-1c8">
         <name>.debug_line</name>
         <load_address>0x1050</load_address>
         <run_address>0x1050</run_address>
         <size>0x34</size>
         <input_file_ref idref="fl-2e"/>
      </object_component>
      <object_component id="oc-f8">
         <name>.debug_line</name>
         <load_address>0x1084</load_address>
         <run_address>0x1084</run_address>
         <size>0x4d</size>
         <input_file_ref idref="fl-2e"/>
      </object_component>
      <object_component id="oc-15b">
         <name>.debug_line</name>
         <load_address>0x10d1</load_address>
         <run_address>0x10d1</run_address>
         <size>0x34</size>
         <input_file_ref idref="fl-2e"/>
      </object_component>
      <object_component id="oc-140">
         <name>.debug_line</name>
         <load_address>0x1105</load_address>
         <run_address>0x1105</run_address>
         <size>0x95</size>
         <input_file_ref idref="fl-2e"/>
      </object_component>
      <object_component id="oc-161">
         <name>.debug_line</name>
         <load_address>0x119a</load_address>
         <run_address>0x119a</run_address>
         <size>0x3e</size>
         <input_file_ref idref="fl-31"/>
      </object_component>
      <object_component id="oc-267">
         <name>.debug_line</name>
         <load_address>0x11d8</load_address>
         <run_address>0x11d8</run_address>
         <size>0x3a</size>
         <input_file_ref idref="fl-32"/>
      </object_component>
      <object_component id="oc-148">
         <name>.debug_line</name>
         <load_address>0x1212</load_address>
         <run_address>0x1212</run_address>
         <size>0x20</size>
         <input_file_ref idref="fl-33"/>
      </object_component>
      <object_component id="oc-3a">
         <name>.debug_line</name>
         <load_address>0x1232</load_address>
         <run_address>0x1232</run_address>
         <size>0x50</size>
         <input_file_ref idref="fl-33"/>
      </object_component>
      <object_component id="oc-d3">
         <name>.debug_line</name>
         <load_address>0x1282</load_address>
         <run_address>0x1282</run_address>
         <size>0x3a</size>
         <input_file_ref idref="fl-33"/>
      </object_component>
      <object_component id="oc-145">
         <name>.debug_line</name>
         <load_address>0x12bc</load_address>
         <run_address>0x12bc</run_address>
         <size>0x95</size>
         <input_file_ref idref="fl-33"/>
      </object_component>
      <object_component id="oc-187">
         <name>.debug_line</name>
         <load_address>0x1351</load_address>
         <run_address>0x1351</run_address>
         <size>0x20</size>
         <input_file_ref idref="fl-34"/>
      </object_component>
      <object_component id="oc-33">
         <name>.debug_line</name>
         <load_address>0x1371</load_address>
         <run_address>0x1371</run_address>
         <size>0x92</size>
         <input_file_ref idref="fl-34"/>
      </object_component>
      <object_component id="oc-c2">
         <name>.debug_line</name>
         <load_address>0x1403</load_address>
         <run_address>0x1403</run_address>
         <size>0x3a</size>
         <input_file_ref idref="fl-34"/>
      </object_component>
      <object_component id="oc-184">
         <name>.debug_line</name>
         <load_address>0x143d</load_address>
         <run_address>0x143d</run_address>
         <size>0x9d</size>
         <input_file_ref idref="fl-34"/>
      </object_component>
      <object_component id="oc-138">
         <name>.debug_line</name>
         <load_address>0x14da</load_address>
         <run_address>0x14da</run_address>
         <size>0x99</size>
         <input_file_ref idref="fl-34"/>
      </object_component>
      <object_component id="oc-1d6">
         <name>.debug_line</name>
         <load_address>0x1573</load_address>
         <run_address>0x1573</run_address>
         <size>0x3d</size>
         <input_file_ref idref="fl-3a"/>
      </object_component>
      <object_component id="oc-189">
         <name>.debug_line</name>
         <load_address>0x15b0</load_address>
         <run_address>0x15b0</run_address>
         <size>0x20</size>
         <input_file_ref idref="fl-3d"/>
      </object_component>
      <object_component id="oc-cb">
         <name>.debug_line</name>
         <load_address>0x15d0</load_address>
         <run_address>0x15d0</run_address>
         <size>0x42</size>
         <input_file_ref idref="fl-3d"/>
      </object_component>
      <object_component id="oc-16a">
         <name>.debug_frame</name>
         <load_address>0x0</load_address>
         <run_address>0x0</run_address>
         <size>0x3c</size>
         <input_file_ref idref="fl-2"/>
      </object_component>
      <object_component id="oc-e7">
         <name>.debug_frame</name>
         <load_address>0x3c</load_address>
         <run_address>0x3c</run_address>
         <size>0x3c</size>
         <input_file_ref idref="fl-2"/>
      </object_component>
      <object_component id="oc-db">
         <name>.debug_frame</name>
         <load_address>0x78</load_address>
         <run_address>0x78</run_address>
         <size>0x3c</size>
         <input_file_ref idref="fl-2"/>
      </object_component>
      <object_component id="oc-ec">
         <name>.debug_frame</name>
         <load_address>0xb4</load_address>
         <run_address>0xb4</run_address>
         <size>0x44</size>
         <input_file_ref idref="fl-2"/>
      </object_component>
      <object_component id="oc-f1">
         <name>.debug_frame</name>
         <load_address>0xf8</load_address>
         <run_address>0xf8</run_address>
         <size>0x3c</size>
         <input_file_ref idref="fl-2"/>
      </object_component>
      <object_component id="oc-216">
         <name>.debug_frame</name>
         <load_address>0x134</load_address>
         <run_address>0x134</run_address>
         <size>0x3c</size>
         <input_file_ref idref="fl-3"/>
      </object_component>
      <object_component id="oc-18f">
         <name>.debug_frame</name>
         <load_address>0x170</load_address>
         <run_address>0x170</run_address>
         <size>0x3c</size>
         <input_file_ref idref="fl-3"/>
      </object_component>
      <object_component id="oc-19b">
         <name>.debug_frame</name>
         <load_address>0x1ac</load_address>
         <run_address>0x1ac</run_address>
         <size>0x3c</size>
         <input_file_ref idref="fl-3"/>
      </object_component>
      <object_component id="oc-1a1">
         <name>.debug_frame</name>
         <load_address>0x1e8</load_address>
         <run_address>0x1e8</run_address>
         <size>0x3c</size>
         <input_file_ref idref="fl-3"/>
      </object_component>
      <object_component id="oc-1ad">
         <name>.debug_frame</name>
         <load_address>0x224</load_address>
         <run_address>0x224</run_address>
         <size>0x3c</size>
         <input_file_ref idref="fl-3"/>
      </object_component>
      <object_component id="oc-1a7">
         <name>.debug_frame</name>
         <load_address>0x260</load_address>
         <run_address>0x260</run_address>
         <size>0x3c</size>
         <input_file_ref idref="fl-3"/>
      </object_component>
      <object_component id="oc-22b">
         <name>.debug_frame</name>
         <load_address>0x29c</load_address>
         <run_address>0x29c</run_address>
         <size>0x3c</size>
         <input_file_ref idref="fl-3"/>
      </object_component>
      <object_component id="oc-28c">
         <name>.debug_frame</name>
         <load_address>0x2d8</load_address>
         <run_address>0x2d8</run_address>
         <size>0x44</size>
         <input_file_ref idref="fl-3"/>
      </object_component>
      <object_component id="oc-298">
         <name>.debug_frame</name>
         <load_address>0x31c</load_address>
         <run_address>0x31c</run_address>
         <size>0x44</size>
         <input_file_ref idref="fl-3"/>
      </object_component>
      <object_component id="oc-2e0">
         <name>.debug_frame</name>
         <load_address>0x360</load_address>
         <run_address>0x360</run_address>
         <size>0x3c</size>
         <input_file_ref idref="fl-3"/>
      </object_component>
      <object_component id="oc-29e">
         <name>.debug_frame</name>
         <load_address>0x39c</load_address>
         <run_address>0x39c</run_address>
         <size>0x40</size>
         <input_file_ref idref="fl-3"/>
      </object_component>
      <object_component id="oc-231">
         <name>.debug_frame</name>
         <load_address>0x3dc</load_address>
         <run_address>0x3dc</run_address>
         <size>0x50</size>
         <input_file_ref idref="fl-3"/>
      </object_component>
      <object_component id="oc-1b8">
         <name>.debug_frame</name>
         <load_address>0x42c</load_address>
         <run_address>0x42c</run_address>
         <size>0x3c</size>
         <input_file_ref idref="fl-3"/>
      </object_component>
      <object_component id="oc-1be">
         <name>.debug_frame</name>
         <load_address>0x468</load_address>
         <run_address>0x468</run_address>
         <size>0x3c</size>
         <input_file_ref idref="fl-3"/>
      </object_component>
      <object_component id="oc-14f">
         <name>.debug_frame</name>
         <load_address>0x4a4</load_address>
         <run_address>0x4a4</run_address>
         <size>0x3c</size>
         <input_file_ref idref="fl-3"/>
      </object_component>
      <object_component id="oc-292">
         <name>.debug_frame</name>
         <load_address>0x4e0</load_address>
         <run_address>0x4e0</run_address>
         <size>0x3c</size>
         <input_file_ref idref="fl-4"/>
      </object_component>
      <object_component id="oc-239">
         <name>.debug_frame</name>
         <load_address>0x51c</load_address>
         <run_address>0x51c</run_address>
         <size>0x3c</size>
         <input_file_ref idref="fl-4"/>
      </object_component>
      <object_component id="oc-e0">
         <name>.debug_frame</name>
         <load_address>0x558</load_address>
         <run_address>0x558</run_address>
         <size>0x64</size>
         <input_file_ref idref="fl-4"/>
      </object_component>
      <object_component id="oc-2ae">
         <name>.debug_frame</name>
         <load_address>0x5bc</load_address>
         <run_address>0x5bc</run_address>
         <size>0x3c</size>
         <input_file_ref idref="fl-5"/>
      </object_component>
      <object_component id="oc-24f">
         <name>.debug_frame</name>
         <load_address>0x5f8</load_address>
         <run_address>0x5f8</run_address>
         <size>0x40</size>
         <input_file_ref idref="fl-5"/>
      </object_component>
      <object_component id="oc-23f">
         <name>.debug_frame</name>
         <load_address>0x638</load_address>
         <run_address>0x638</run_address>
         <size>0x40</size>
         <input_file_ref idref="fl-5"/>
      </object_component>
      <object_component id="oc-1cf">
         <name>.debug_frame</name>
         <load_address>0x678</load_address>
         <run_address>0x678</run_address>
         <size>0x40</size>
         <input_file_ref idref="fl-5"/>
      </object_component>
      <object_component id="oc-10a">
         <name>.debug_frame</name>
         <load_address>0x6b8</load_address>
         <run_address>0x6b8</run_address>
         <size>0x34</size>
         <input_file_ref idref="fl-2c"/>
      </object_component>
      <object_component id="oc-1e1">
         <name>.debug_frame</name>
         <load_address>0x6ec</load_address>
         <run_address>0x6ec</run_address>
         <size>0x44</size>
         <input_file_ref idref="fl-2d"/>
      </object_component>
      <object_component id="oc-f9">
         <name>.debug_frame</name>
         <load_address>0x730</load_address>
         <run_address>0x730</run_address>
         <size>0x3c</size>
         <input_file_ref idref="fl-2e"/>
      </object_component>
      <object_component id="oc-164">
         <name>.debug_frame</name>
         <load_address>0x76c</load_address>
         <run_address>0x76c</run_address>
         <size>0x3c</size>
         <input_file_ref idref="fl-31"/>
      </object_component>
      <object_component id="oc-268">
         <name>.debug_frame</name>
         <load_address>0x7a8</load_address>
         <run_address>0x7a8</run_address>
         <size>0x3c</size>
         <input_file_ref idref="fl-32"/>
      </object_component>
      <object_component id="oc-39">
         <name>.debug_frame</name>
         <load_address>0x7e4</load_address>
         <run_address>0x7e4</run_address>
         <size>0x3c</size>
         <input_file_ref idref="fl-33"/>
      </object_component>
      <object_component id="oc-34">
         <name>.debug_frame</name>
         <load_address>0x820</load_address>
         <run_address>0x820</run_address>
         <size>0x48</size>
         <input_file_ref idref="fl-34"/>
      </object_component>
      <object_component id="oc-1d5">
         <name>.debug_frame</name>
         <load_address>0x868</load_address>
         <run_address>0x868</run_address>
         <size>0x3c</size>
         <input_file_ref idref="fl-3a"/>
      </object_component>
      <object_component id="oc-cc">
         <name>.debug_frame</name>
         <load_address>0x8a4</load_address>
         <run_address>0x8a4</run_address>
         <size>0x3c</size>
         <input_file_ref idref="fl-3d"/>
      </object_component>
      <object_component id="oc-1d0">
         <name>.debug_abbrev</name>
         <load_address>0x0</load_address>
         <run_address>0x0</run_address>
         <size>0x54</size>
         <input_file_ref idref="fl-2"/>
      </object_component>
      <object_component id="oc-154">
         <name>.debug_abbrev</name>
         <load_address>0x54</load_address>
         <run_address>0x54</run_address>
         <size>0x53</size>
         <input_file_ref idref="fl-2"/>
      </object_component>
      <object_component id="oc-149">
         <name>.debug_abbrev</name>
         <load_address>0xa7</load_address>
         <run_address>0xa7</run_address>
         <size>0x53</size>
         <input_file_ref idref="fl-2"/>
      </object_component>
      <object_component id="oc-155">
         <name>.debug_abbrev</name>
         <load_address>0xfa</load_address>
         <run_address>0xfa</run_address>
         <size>0x53</size>
         <input_file_ref idref="fl-2"/>
      </object_component>
      <object_component id="oc-156">
         <name>.debug_abbrev</name>
         <load_address>0x14d</load_address>
         <run_address>0x14d</run_address>
         <size>0x53</size>
         <input_file_ref idref="fl-2"/>
      </object_component>
      <object_component id="oc-c6">
         <name>.debug_abbrev</name>
         <load_address>0x1a0</load_address>
         <run_address>0x1a0</run_address>
         <size>0x1f</size>
         <input_file_ref idref="fl-2"/>
      </object_component>
      <object_component id="oc-218">
         <name>.debug_abbrev</name>
         <load_address>0x1bf</load_address>
         <run_address>0x1bf</run_address>
         <size>0x75</size>
         <input_file_ref idref="fl-3"/>
      </object_component>
      <object_component id="oc-21a">
         <name>.debug_abbrev</name>
         <load_address>0x234</load_address>
         <run_address>0x234</run_address>
         <size>0x29</size>
         <input_file_ref idref="fl-3"/>
      </object_component>
      <object_component id="oc-284">
         <name>.debug_abbrev</name>
         <load_address>0x25d</load_address>
         <run_address>0x25d</run_address>
         <size>0x6e</size>
         <input_file_ref idref="fl-3"/>
      </object_component>
      <object_component id="oc-217">
         <name>.debug_abbrev</name>
         <load_address>0x2cb</load_address>
         <run_address>0x2cb</run_address>
         <size>0x7c</size>
         <input_file_ref idref="fl-3"/>
      </object_component>
      <object_component id="oc-21c">
         <name>.debug_abbrev</name>
         <load_address>0x347</load_address>
         <run_address>0x347</run_address>
         <size>0x52</size>
         <input_file_ref idref="fl-3"/>
      </object_component>
      <object_component id="oc-222">
         <name>.debug_abbrev</name>
         <load_address>0x399</load_address>
         <run_address>0x399</run_address>
         <size>0x6e</size>
         <input_file_ref idref="fl-3"/>
      </object_component>
      <object_component id="oc-224">
         <name>.debug_abbrev</name>
         <load_address>0x407</load_address>
         <run_address>0x407</run_address>
         <size>0x60</size>
         <input_file_ref idref="fl-3"/>
      </object_component>
      <object_component id="oc-223">
         <name>.debug_abbrev</name>
         <load_address>0x467</load_address>
         <run_address>0x467</run_address>
         <size>0x52</size>
         <input_file_ref idref="fl-3"/>
      </object_component>
      <object_component id="oc-286">
         <name>.debug_abbrev</name>
         <load_address>0x4b9</load_address>
         <run_address>0x4b9</run_address>
         <size>0x52</size>
         <input_file_ref idref="fl-3"/>
      </object_component>
      <object_component id="oc-2d8">
         <name>.debug_abbrev</name>
         <load_address>0x50b</load_address>
         <run_address>0x50b</run_address>
         <size>0x6e</size>
         <input_file_ref idref="fl-3"/>
      </object_component>
      <object_component id="oc-2da">
         <name>.debug_abbrev</name>
         <load_address>0x579</load_address>
         <run_address>0x579</run_address>
         <size>0x7c</size>
         <input_file_ref idref="fl-3"/>
      </object_component>
      <object_component id="oc-2ef">
         <name>.debug_abbrev</name>
         <load_address>0x5f5</load_address>
         <run_address>0x5f5</run_address>
         <size>0x52</size>
         <input_file_ref idref="fl-3"/>
      </object_component>
      <object_component id="oc-2e1">
         <name>.debug_abbrev</name>
         <load_address>0x647</load_address>
         <run_address>0x647</run_address>
         <size>0x7a</size>
         <input_file_ref idref="fl-3"/>
      </object_component>
      <object_component id="oc-29f">
         <name>.debug_abbrev</name>
         <load_address>0x6c1</load_address>
         <run_address>0x6c1</run_address>
         <size>0x7a</size>
         <input_file_ref idref="fl-3"/>
      </object_component>
      <object_component id="oc-232">
         <name>.debug_abbrev</name>
         <load_address>0x73b</load_address>
         <run_address>0x73b</run_address>
         <size>0x60</size>
         <input_file_ref idref="fl-3"/>
      </object_component>
      <object_component id="oc-233">
         <name>.debug_abbrev</name>
         <load_address>0x79b</load_address>
         <run_address>0x79b</run_address>
         <size>0x50</size>
         <input_file_ref idref="fl-3"/>
      </object_component>
      <object_component id="oc-1bf">
         <name>.debug_abbrev</name>
         <load_address>0x7eb</load_address>
         <run_address>0x7eb</run_address>
         <size>0x6c</size>
         <input_file_ref idref="fl-3"/>
      </object_component>
      <object_component id="oc-2d9">
         <name>.debug_abbrev</name>
         <load_address>0x857</load_address>
         <run_address>0x857</run_address>
         <size>0x6c</size>
         <input_file_ref idref="fl-4"/>
      </object_component>
      <object_component id="oc-2a0">
         <name>.debug_abbrev</name>
         <load_address>0x8c3</load_address>
         <run_address>0x8c3</run_address>
         <size>0x50</size>
         <input_file_ref idref="fl-4"/>
      </object_component>
      <object_component id="oc-150">
         <name>.debug_abbrev</name>
         <load_address>0x913</load_address>
         <run_address>0x913</run_address>
         <size>0x61</size>
         <input_file_ref idref="fl-4"/>
      </object_component>
      <object_component id="oc-2a2">
         <name>.debug_abbrev</name>
         <load_address>0x974</load_address>
         <run_address>0x974</run_address>
         <size>0xa4</size>
         <input_file_ref idref="fl-5"/>
      </object_component>
      <object_component id="oc-1c0">
         <name>.debug_abbrev</name>
         <load_address>0xa18</load_address>
         <run_address>0xa18</run_address>
         <size>0x29</size>
         <input_file_ref idref="fl-5"/>
      </object_component>
      <object_component id="oc-2e2">
         <name>.debug_abbrev</name>
         <load_address>0xa41</load_address>
         <run_address>0xa41</run_address>
         <size>0x6e</size>
         <input_file_ref idref="fl-5"/>
      </object_component>
      <object_component id="oc-2af">
         <name>.debug_abbrev</name>
         <load_address>0xaaf</load_address>
         <run_address>0xaaf</run_address>
         <size>0x6c</size>
         <input_file_ref idref="fl-5"/>
      </object_component>
      <object_component id="oc-2a1">
         <name>.debug_abbrev</name>
         <load_address>0xb1b</load_address>
         <run_address>0xb1b</run_address>
         <size>0x6c</size>
         <input_file_ref idref="fl-5"/>
      </object_component>
      <object_component id="oc-250">
         <name>.debug_abbrev</name>
         <load_address>0xb87</load_address>
         <run_address>0xb87</run_address>
         <size>0x5e</size>
[...]
      </symbol>
      <symbol id="sm-1a5">
         <name>uartTxByte</name>
         <value>0xc9ae</value>
         <object_component_ref idref="oc-28d"/>
      </symbol>
      <symbol id="sm-1f0">
         <name>G_CTRL_REG</name>
         <value>0x256</value>
      </symbol>
      <symbol id="sm-1f1">
         <name>G_TORQUE_REG</name>
         <value>0x28e</value>
      </symbol>
      <symbol id="sm-1f2">
         <name>G_OFF_REG</name>
         <value>0x288</value>
      </symbol>
      <symbol id="sm-1f3">
         <name>G_BLANK_REG</name>
         <value>0x27c</value>
      </symbol>
      <symbol id="sm-1f4">
         <name>G_DECAY_REG</name>
         <value>0x282</value>
      </symbol>
      <symbol id="sm-1f5">
         <name>G_STALL_REG</name>
         <value>0x274</value>
      </symbol>
      <symbol id="sm-1f6">
         <name>G_DRIVE_REG</name>
         <value>0x266</value>
      </symbol>
      <symbol id="sm-1f7">
         <name>G_STATUS_REG</name>
         <value>0x244</value>
      </symbol>
      <symbol id="sm-1f8">
         <name>G_STEP_PROFILE_LOCK</name>
         <value>0x2ca</value>
         <object_component_ref idref="oc-151"/>
      </symbol>
      <symbol id="sm-1f9">
         <name>G_TARGET_SPEED</name>
         <value>0x2ba</value>
         <object_component_ref idref="oc-151"/>
      </symbol>
      <symbol id="sm-1fa">
         <name>G_READ_ADDR</name>
         <value>0x2b4</value>
         <object_component_ref idref="oc-151"/>
      </symbol>
      <symbol id="sm-1fb">
         <name>G_FIRMWARE_VERSION</name>
         <value>0x296</value>
         <object_component_ref idref="oc-151"/>
      </symbol>
      <symbol id="sm-1fc">
         <name>G_MOTOR_STATE</name>
         <value>0x2c2</value>
         <object_component_ref idref="oc-151"/>
      </symbol>
      <symbol id="sm-1fd">
         <name>G_STEP_PROFILE</name>
         <value>0x2c8</value>
         <object_component_ref idref="oc-151"/>
      </symbol>
      <symbol id="sm-1fe">
         <name>G_BIN2</name>
         <value>0x2e4</value>
         <object_component_ref idref="oc-151"/>
      </symbol>
      <symbol id="sm-1ff">
         <name>G_BIN1</name>
         <value>0x2e6</value>
         <object_component_ref idref="oc-151"/>
      </symbol>
      <symbol id="sm-200">
         <name>G_BYPASS_INDEXER_OLD</name>
         <value>0x2a4</value>
         <object_component_ref idref="oc-151"/>
      </symbol>
      <symbol id="sm-201">
         <name>WriteAllRegisters</name>
         <value>0xc34a</value>
         <object_component_ref idref="oc-24a"/>
      </symbol>
      <symbol id="sm-202">
         <name>G_READ_DATA</name>
         <value>0x2b6</value>
         <object_component_ref idref="oc-151"/>
      </symbol>
      <symbol id="sm-203">
         <name>G_MANUAL_READ</name>
         <value>0x2b2</value>
         <object_component_ref idref="oc-151"/>
      </symbol>
      <symbol id="sm-204">
         <name>G_WRITE_ALL_REG</name>
         <value>0x2a6</value>
         <object_component_ref idref="oc-151"/>
      </symbol>
      <symbol id="sm-205">
         <name>G_RESET</name>
         <value>0x2de</value>
         <object_component_ref idref="oc-151"/>
      </symbol>
      <symbol id="sm-206">
         <name>G_TOTAL_NUM_STEPS</name>
         <value>0x2be</value>
         <object_component_ref idref="oc-151"/>
      </symbol>
      <symbol id="sm-207">
         <name>G_nSLEEP</name>
         <value>0x2dc</value>
         <object_component_ref idref="oc-151"/>
      </symbol>
      <symbol id="sm-208">
         <name>G_STEPS_TO_ACCEL</name>
         <value>0x2c0</value>
         <object_component_ref idref="oc-151"/>
      </symbol>
      <symbol id="sm-209">
         <name>G_RESET_FAULTS</name>
         <value>0x2aa</value>
         <object_component_ref idref="oc-151"/>
      </symbol>
      <symbol id="sm-20a">
         <name>G_TA1CCR0_TEMP</name>
         <value>0x2d6</value>
         <object_component_ref idref="oc-151"/>
      </symbol>
      <symbol id="sm-20b">
         <name>G_TA1CCR1_TEMP</name>
         <value>0x2d8</value>
         <object_component_ref idref="oc-151"/>
      </symbol>
      <symbol id="sm-20c">
         <name>G_LOAD_CCR_VALS</name>
         <value>0x2da</value>
         <object_component_ref idref="oc-151"/>
      </symbol>
      <symbol id="sm-20d">
         <name>G_WRITE_ADDR</name>
         <value>0x2ae</value>
         <object_component_ref idref="oc-151"/>
      </symbol>
      <symbol id="sm-20e">
         <name>Initialize</name>
         <value>0xc1aa</value>
         <object_component_ref idref="oc-1ca"/>
      </symbol>
      <symbol id="sm-20f">
         <name>G_ISGAIN_OLD</name>
         <value>0x2a0</value>
         <object_component_ref idref="oc-151"/>
      </symbol>
      <symbol id="sm-210">
         <name>G_ACCEL_RATE</name>
         <value>0x2bc</value>
         <object_component_ref idref="oc-151"/>
      </symbol>
      <symbol id="sm-211">
         <name>G_STEP_AIN1</name>
         <value>0x2e0</value>
         <object_component_ref idref="oc-151"/>
      </symbol>
      <symbol id="sm-212">
         <name>UpdateGPIO</name>
         <value>0xc000</value>
         <object_component_ref idref="oc-23a"/>
      </symbol>
      <symbol id="sm-213">
         <name>G_START_STOP_SPEED</name>
         <value>0x2b8</value>
         <object_component_ref idref="oc-151"/>
      </symbol>
      <symbol id="sm-214">
         <name>G_WRITE_DATA</name>
         <value>0x2b0</value>
         <object_component_ref idref="oc-151"/>
      </symbol>
      <symbol id="sm-215">
         <name>G_BYPASS_INDEXER</name>
         <value>0x2a2</value>
         <object_component_ref idref="oc-151"/>
      </symbol>
      <symbol id="sm-216">
         <name>G_CUR_SPEED</name>
         <value>0x2ce</value>
         <object_component_ref idref="oc-151"/>
      </symbol>
      <symbol id="sm-217">
         <name>SPI_DRV8711_ReadWrite</name>
         <value>0xc7a2</value>
         <object_component_ref idref="oc-2a9"/>
      </symbol>
      <symbol id="sm-218">
         <name>G_DIR_AIN2</name>
         <value>0x2e2</value>
         <object_component_ref idref="oc-151"/>
      </symbol>
      <symbol id="sm-219">
         <name>G_READ_ALL_REG</name>
         <value>0x2a8</value>
         <object_component_ref idref="oc-151"/>
      </symbol>
      <symbol id="sm-21a">
         <name>G_FULL_SCALE_CURRENT</name>
         <value>0x29a</value>
         <object_component_ref idref="oc-151"/>
      </symbol>
      <symbol id="sm-21b">
         <name>G_CUR_SPEED_TEMP</name>
         <value>0x2d0</value>
         <object_component_ref idref="oc-151"/>
      </symbol>
      <symbol id="sm-21c">
         <name>G_MANUAL_WRITE</name>
         <value>0x2ac</value>
         <object_component_ref idref="oc-151"/>
      </symbol>
      <symbol id="sm-21d">
         <name>G_nFAULT</name>
         <value>0x2e8</value>
         <object_component_ref idref="oc-151"/>
      </symbol>
      <symbol id="sm-21e">
         <name>G_SPEED_PROFILE</name>
         <value>0x2c4</value>
         <object_component_ref idref="oc-151"/>
      </symbol>
      <symbol id="sm-21f">
         <name>G_CUR_NUM_STEPS</name>
         <value>0x2cc</value>
         <object_component_ref idref="oc-151"/>
      </symbol>
      <symbol id="sm-220">
         <name>G_ACCEL_FLAG</name>
         <value>0x2d4</value>
         <object_component_ref idref="oc-151"/>
      </symbol>
      <symbol id="sm-221">
         <name>G_SPEED_PROFILE_LOCK</name>
         <value>0x2c6</value>
         <object_component_ref idref="oc-151"/>
      </symbol>
      <symbol id="sm-222">
         <name>G_SPEED_INCR</name>
         <value>0x2d2</value>
         <object_component_ref idref="oc-151"/>
      </symbol>
      <symbol id="sm-223">
         <name>G_TORQUE_OLD</name>
         <value>0x29e</value>
         <object_component_ref idref="oc-151"/>
      </symbol>
      <symbol id="sm-224">
         <name>G_nSTALL</name>
         <value>0x2ea</value>
         <object_component_ref idref="oc-151"/>
      </symbol>
      <symbol id="sm-22c">
         <name>__mspabi_srai</name>
         <value>0xc7d2</value>
         <object_component_ref idref="oc-21d"/>
      </symbol>
      <symbol id="sm-22d">
         <name>__mspabi_srai_8</name>
         <value>0xc7ec</value>
         <object_component_ref idref="oc-21d"/>
      </symbol>
      <symbol id="sm-22e">
         <name>__mspabi_srai_9</name>
         <value>0xc7ea</value>
         <object_component_ref idref="oc-21d"/>
      </symbol>
      <symbol id="sm-22f">
         <name>__mspabi_srai_6</name>
         <value>0xc7f0</value>
         <object_component_ref idref="oc-21d"/>
      </symbol>
      <symbol id="sm-230">
         <name>__mspabi_srai_7</name>
         <value>0xc7ee</value>
         <object_component_ref idref="oc-21d"/>
      </symbol>
      <symbol id="sm-231">
         <name>__mspabi_srai_4</name>
         <value>0xc7f4</value>
         <object_component_ref idref="oc-21d"/>
      </symbol>
      <symbol id="sm-232">
         <name>__mspabi_srai_5</name>
         <value>0xc7f2</value>
         <object_component_ref idref="oc-21d"/>
      </symbol>
      <symbol id="sm-233">
         <name>__mspabi_srai_2</name>
         <value>0xc7f8</value>
         <object_component_ref idref="oc-21d"/>
      </symbol>
      <symbol id="sm-234">
         <name>__mspabi_srai_3</name>
         <value>0xc7f6</value>
         <object_component_ref idref="oc-21d"/>
      </symbol>
      <symbol id="sm-235">
         <name>__mspabi_srai_1</name>
         <value>0xc7fa</value>
         <object_component_ref idref="oc-21d"/>
      </symbol>
      <symbol id="sm-236">
         <name>__mspabi_srai_15</name>
         <value>0xc7de</value>
         <object_component_ref idref="oc-21d"/>
      </symbol>
      <symbol id="sm-237">
         <name>__mspabi_srai_14</name>
         <value>0xc7e0</value>
         <object_component_ref idref="oc-21d"/>
      </symbol>
      <symbol id="sm-238">
         <name>__mspabi_srai_13</name>
         <value>0xc7e2</value>
         <object_component_ref idref="oc-21d"/>
      </symbol>
      <symbol id="sm-239">
         <name>__mspabi_srai_12</name>
         <value>0xc7e4</value>
         <object_component_ref idref="oc-21d"/>
      </symbol>
      <symbol id="sm-23a">
         <name>__mspabi_srai_11</name>
         <value>0xc7e6</value>
         <object_component_ref idref="oc-21d"/>
      </symbol>
      <symbol id="sm-23b">
         <name>__mspabi_srai_10</name>
         <value>0xc7e8</value>
         <object_component_ref idref="oc-21d"/>
      </symbol>
      <symbol id="sm-246">
         <name>__mspabi_func_epilog_2</name>
         <value>0xc990</value>
         <object_component_ref idref="oc-b9"/>
      </symbol>
      <symbol id="sm-247">
         <name>__mspabi_func_epilog_3</name>
         <value>0xc98e</value>
         <object_component_ref idref="oc-b9"/>
      </symbol>
      <symbol id="sm-248">
         <name>__mspabi_func_epilog_1</name>
         <value>0xc992</value>
         <object_component_ref idref="oc-b9"/>
      </symbol>
      <symbol id="sm-249">
         <name>__mspabi_func_epilog_6</name>
         <value>0xc988</value>
         <object_component_ref idref="oc-b9"/>
      </symbol>
      <symbol id="sm-24a">
         <name>__mspabi_func_epilog_7</name>
         <value>0xc986</value>
         <object_component_ref idref="oc-b9"/>
      </symbol>
      <symbol id="sm-24b">
         <name>__mspabi_func_epilog_4</name>
         <value>0xc98c</value>
         <object_component_ref idref="oc-b9"/>
      </symbol>
      <symbol id="sm-24c">
         <name>__mspabi_func_epilog_5</name>
         <value>0xc98a</value>
         <object_component_ref idref="oc-b9"/>
      </symbol>
      <symbol id="sm-259">
         <name>__mspabi_slli</name>
         <value>0xc7fe</value>
         <object_component_ref idref="oc-af"/>
      </symbol>
      <symbol id="sm-25a">
         <name>__mspabi_slli_9</name>
         <value>0xc816</value>
         <object_component_ref idref="oc-af"/>
      </symbol>
      <symbol id="sm-25b">
         <name>__mspabi_slli_8</name>
         <value>0xc818</value>
         <object_component_ref idref="oc-af"/>
      </symbol>
      <symbol id="sm-25c">
         <name>__mspabi_slli_7</name>
         <value>0xc81a</value>
         <object_component_ref idref="oc-af"/>
      </symbol>
      <symbol id="sm-25d">
         <name>__mspabi_slli_6</name>
         <value>0xc81c</value>
         <object_component_ref idref="oc-af"/>
      </symbol>
      <symbol id="sm-25e">
         <name>__mspabi_slli_5</name>
         <value>0xc81e</value>
         <object_component_ref idref="oc-af"/>
      </symbol>
      <symbol id="sm-25f">
         <name>__mspabi_slli_4</name>
         <value>0xc820</value>
         <object_component_ref idref="oc-af"/>
      </symbol>
      <symbol id="sm-260">
         <name>__mspabi_slli_3</name>
         <value>0xc822</value>
         <object_component_ref idref="oc-af"/>
      </symbol>
      <symbol id="sm-261">
         <name>__mspabi_slli_2</name>
         <value>0xc824</value>
         <object_component_ref idref="oc-af"/>
      </symbol>
      <symbol id="sm-262">
         <name>__mspabi_slli_1</name>
         <value>0xc826</value>
         <object_component_ref idref="oc-af"/>
      </symbol>
      <symbol id="sm-263">
         <name>__mspabi_slli_15</name>
         <value>0xc80a</value>
         <object_component_ref idref="oc-af"/>
      </symbol>
      <symbol id="sm-264">
         <name>__mspabi_slli_14</name>
         <value>0xc80c</value>
         <object_component_ref idref="oc-af"/>
      </symbol>
      <symbol id="sm-265">
         <name>__mspabi_slli_13</name>
         <value>0xc80e</value>
         <object_component_ref idref="oc-af"/>
      </symbol>
      <symbol id="sm-266">
         <name>__mspabi_slli_12</name>
         <value>0xc810</value>
         <object_component_ref idref="oc-af"/>
      </symbol>
      <symbol id="sm-267">
         <name>__mspabi_slli_11</name>
         <value>0xc812</value>
         <object_component_ref idref="oc-af"/>
      </symbol>
      <symbol id="sm-268">
         <name>__mspabi_slli_10</name>
         <value>0xc814</value>
         <object_component_ref idref="oc-af"/>
      </symbol>
      <symbol id="sm-270">
         <name>__mspabi_srli_8</name>
         <value>0xc63c</value>
         <object_component_ref idref="oc-b4"/>
      </symbol>
      <symbol id="sm-271">
         <name>__mspabi_srli_9</name>
         <value>0xc638</value>
         <object_component_ref idref="oc-b4"/>
      </symbol>
      <symbol id="sm-272">
         <name>__mspabi_srli_6</name>
         <value>0xc644</value>
         <object_component_ref idref="oc-b4"/>
      </symbol>
      <symbol id="sm-273">
         <name>__mspabi_srli_7</name>
         <value>0xc640</value>
         <object_component_ref idref="oc-b4"/>
      </symbol>
      <symbol id="sm-274">
         <name>__mspabi_srli_4</name>
         <value>0xc64c</value>
         <object_component_ref idref="oc-b4"/>
      </symbol>
      <symbol id="sm-275">
         <name>__mspabi_srli_5</name>
         <value>0xc648</value>
         <object_component_ref idref="oc-b4"/>
      </symbol>
      <symbol id="sm-276">
         <name>__mspabi_srli_2</name>
         <value>0xc654</value>
         <object_component_ref idref="oc-b4"/>
      </symbol>
      <symbol id="sm-277">
         <name>__mspabi_srli_3</name>
         <value>0xc650</value>
         <object_component_ref idref="oc-b4"/>
      </symbol>
      <symbol id="sm-278">
         <name>__mspabi_srli_1</name>
         <value>0xc658</value>
         <object_component_ref idref="oc-b4"/>
      </symbol>
      <symbol id="sm-279">
         <name>__mspabi_srli</name>
         <value>0xc612</value>
         <object_component_ref idref="oc-b4"/>
      </symbol>
      <symbol id="sm-27a">
         <name>__mspabi_srli_15</name>
         <value>0xc620</value>
         <object_component_ref idref="oc-b4"/>
      </symbol>
      <symbol id="sm-27b">
         <name>__mspabi_srli_14</name>
         <value>0xc624</value>
         <object_component_ref idref="oc-b4"/>
      </symbol>
      <symbol id="sm-27c">
         <name>__mspabi_srli_13</name>
         <value>0xc628</value>
         <object_component_ref idref="oc-b4"/>
      </symbol>
      <symbol id="sm-27d">
         <name>__mspabi_srli_12</name>
         <value>0xc62c</value>
         <object_component_ref idref="oc-b4"/>
      </symbol>
      <symbol id="sm-27e">
         <name>__mspabi_srli_11</name>
         <value>0xc630</value>
         <object_component_ref idref="oc-b4"/>
      </symbol>
      <symbol id="sm-27f">
         <name>__mspabi_srli_10</name>
         <value>0xc634</value>
         <object_component_ref idref="oc-b4"/>
      </symbol>
      <symbol id="sm-289">
         <name>__mspabi_mpyi_sw</name>
         <value>0xc93e</value>
         <object_component_ref idref="oc-1ae"/>
      </symbol>
      <symbol id="sm-28a">
         <name>__mspabi_mpyi</name>
         <value>0xc93e</value>
         <object_component_ref idref="oc-1ae"/>
      </symbol>
      <symbol id="sm-29a">
         <name>_stack</name>
         <value>0x3b0</value>
         <object_component_ref idref="oc-ab"/>
      </symbol>
      <symbol id="sm-29b">
         <name>_c_int00_noargs</name>
         <value>0xc8e0</value>
         <object_component_ref idref="oc-106"/>
      </symbol>
      <symbol id="sm-29c">
         <name>_reset_vector</name>
         <value>0xfffe</value>
         <object_component_ref idref="oc-ae"/>
      </symbol>
      <symbol id="sm-2be">
         <name>__TI_auto_init_nobinit_nopinit</name>
         <value>0xc6ea</value>
         <object_component_ref idref="oc-1dd"/>
      </symbol>
      <symbol id="sm-2d6">
         <name>__TI_zero_init_nomemset</name>
         <value>0xc92a</value>
         <object_component_ref idref="oc-f4"/>
      </symbol>
      <symbol id="sm-2e1">
         <name>_system_pre_init</name>
         <value>0xc9e2</value>
         <object_component_ref idref="oc-15f"/>
      </symbol>
      <symbol id="sm-2ea">
         <name>_system_post_cinit</name>
         <value>0xc9e8</value>
         <object_component_ref idref="oc-263"/>
      </symbol>
      <symbol id="sm-300">
         <name>__TI_decompress_none</name>
         <value>0xc952</value>
         <object_component_ref idref="oc-35"/>
      </symbol>
      <symbol id="sm-323">
         <name>__TI_decompress_lzss</name>
         <value>0xc478</value>
         <object_component_ref idref="oc-2f"/>
      </symbol>
      <symbol id="sm-332">
         <name>C$$EXIT</name>
         <value>0xc9d8</value>
         <object_component_ref idref="oc-1d1"/>
      </symbol>
      <symbol id="sm-333">
         <name>abort</name>
         <value>0xc9d8</value>
         <object_component_ref idref="oc-1d1"/>
      </symbol>
      <symbol id="sm-343">
         <name>memcpy</name>
         <value>0xc964</value>
         <object_component_ref idref="oc-c9"/>
      </symbol>
      <symbol id="sm-34c">
         <name>Write8bitByteToCOM</name>
         <value>0xc9ae</value>
      </symbol>
   </symbol_table>
   <title>Link successful</title>
</link_info>
