******************************************************************************
                  MSP430 Linker PC v18.1.4                     
******************************************************************************
>> Linked Fri Mar 22 01:27:43 2019

OUTPUT FILE NAME:   <BOOST-DRV8711_FIRMWAREv1.1.out>
ENTRY POINT SYMBOL: "_c_int00_noargs"  address: 0000c8e0


MEMORY CONFIGURATION

         name            origin    length      used     unused   attr    fill
----------------------  --------  ---------  --------  --------  ----  --------
  SFR                   00000000   00000010  00000000  00000010  RWIX
  PERIPHERALS_8BIT      00000010   000000f0  00000000  000000f0  RWIX
  PERIPHERALS_16BIT     00000100   00000100  00000000  00000100  RWIX
  RAM                   00000200   00000200  0000013e  000000c2  RWIX
  INFOD                 00001000   00000040  00000000  00000040  RWIX
  INFOC                 00001040   00000040  00000000  00000040  RWIX
  INFOB                 00001080   00000040  00000000  00000040  RWIX
  INFOA                 000010c0   00000040  00000000  00000040  RWIX
  FLASH                 0000c000   00003fe0  00000a10  000035d0  RWIX
  INT00                 0000ffe0   00000002  00000000  00000002  RWIX
  INT01                 0000ffe2   00000002  00000000  00000002  RWIX
  INT02                 0000ffe4   00000002  00000002  00000000  RWIX
  INT03                 0000ffe6   00000002  00000002  00000000  RWIX
  INT04                 0000ffe8   00000002  00000000  00000002  RWIX
  INT05                 0000ffea   00000002  00000002  00000000  RWIX
  INT06                 0000ffec   00000002  00000002  00000000  RWIX
  INT07                 0000ffee   00000002  00000002  00000000  RWIX
  INT08                 0000fff0   00000002  00000002  00000000  RWIX
  INT09                 0000fff2   00000002  00000002  00000000  RWIX
  INT10                 0000fff4   00000002  00000002  00000000  RWIX
  INT11                 0000fff6   00000002  00000002  00000000  RWIX
  INT12                 0000fff8   00000002  00000002  00000000  RWIX
  INT13                 0000fffa   00000002  00000002  00000000  RWIX
  INT14                 0000fffc   00000002  00000002  00000000  RWIX
  RESET                 0000fffe   00000002  00000002  00000000  RWIX


SECTION ALLOCATION MAP

 output                                  attributes/
section   page    origin      length       input sections
--------  ----  ----------  ----------   ----------------
.bss       0    00000200    00000096     UNINITIALIZED
                  00000200    00000044     (.common:gInCmdBuffer)
                  00000244    00000012     (.common:G_STATUS_REG)
                  00000256    00000010     (.common:G_CTRL_REG)
                  00000266    0000000e     (.common:G_DRIVE_REG)
                  00000274    00000008     (.common:G_STALL_REG)
                  0000027c    00000006     (.common:G_BLANK_REG)
                  00000282    00000006     (.common:G_DECAY_REG)
                  00000288    00000006     (.common:G_OFF_REG)
                  0000028e    00000006     (.common:G_TORQUE_REG)
                  00000294    00000002     (.common:gInCmdSkipCount)

.data      0    00000296    00000058     UNINITIALIZED
                  00000296    00000056     utility.obj (.data)
                  000002ec    00000002     monitor.obj (.data)

.stack     0    000003b0    00000050     UNINITIALIZED
                  000003b0    00000002     rts430_eabi.lib : boot.c.obj (.stack)
                  000003b2    0000004e     --HOLE--

.text      0    0000c000    000009ea     
                  0000c000    000001aa     utility.obj (.text:UpdateGPIO)
                  0000c1aa    000001a0     utility.obj (.text:Initialize)
                  0000c34a    0000012e     utility.obj (.text:WriteAllRegisters)
                  0000c478    0000007c     rts430_eabi.lib : copy_decompress_lzss.c.obj (.text:decompress:lzss:__TI_decompress_lzss)
                  0000c4f4    00000068     main.obj (.text:main)
                  0000c55c    00000066     monitor.obj (.text:receivedDataCommand)
                  0000c5c2    00000050     monitor.obj (.text:MemAccessCmd)
                  0000c612    0000004c     rts430_eabi.lib : lsr16.asm.obj (.text)
                  0000c65e    0000004a     monitor.obj (.text:WriteMAUToCOM)
                  0000c6a8    00000042     monitor.obj (.text:GetWriteCmdDataMAU)
                  0000c6ea    00000042     rts430_eabi.lib : autoinit.c.obj (.text:__TI_auto_init_nobinit_nopinit:__TI_auto_init_nobinit_nopinit)
                  0000c72c    0000003c     main.obj (.text:Timer1_A1)
                  0000c768    0000003a     monitor.obj (.text:GetInCmdAddress)
                  0000c7a2    00000030     utility.obj (.text:SPI_DRV8711_ReadWrite)
                  0000c7d2    0000002c     rts430_eabi.lib : asr16.asm.obj (.text)
                  0000c7fe    0000002c                     : lsl16.asm.obj (.text)
                  0000c82a    0000002a     uart.obj (.text:USCI0RX_ISR)
                  0000c854    0000002a     uart.obj (.text:uartInit)
                  0000c87e    00000026     monitor.obj (.text:ProcessCommand)
                  0000c8a4    0000001e     monitor.obj (.text:GetSizeOfMAUIn8bitByte)
                  0000c8c2    0000001e     main.obj (.text:Timer1_A0)
                  0000c8e0    0000001c     rts430_eabi.lib : boot.c.obj (.text:_c_int00_noargs)
                  0000c8fc    0000001a     monitor.obj (.text:WriteToCmdBuffer)
                  0000c916    00000014     monitor.obj (.text:VerifyInputCmdHeaders)
                  0000c92a    00000014     rts430_eabi.lib : copy_zero_init.c.obj (.text:decompress:ZI:__TI_zero_init_nomemset:__TI_zero_init_nomemset)
                  0000c93e    00000014                     : mult16.asm.obj (.text)
                  0000c952    00000012                     : copy_decompress_none.c.obj (.text:decompress:none:__TI_decompress_none)
                  0000c964    00000012                     : memcpy.c.obj (.text:memcpy)
                  0000c976    00000010     monitor.obj (.text:WriteByteToInCmdBuffer)
                  0000c986    00000010     rts430_eabi.lib : epilog.asm.obj (.text)
                  0000c996    0000000c     monitor.obj (.text:GetRWFlag)
                  0000c9a2    0000000c     main.obj (.text:WatchDog_Timer)
                  0000c9ae    0000000c     uart.obj (.text:uartTxByte)
                  0000c9ba    0000000a     monitor.obj (.text:ClearBufferRelatedParam)
                  0000c9c4    0000000a     monitor.obj (.text:GetInputCmdType)
                  0000c9ce    0000000a     monitor.obj (.text:GetTransferSizeInMAU)
                  0000c9d8    00000006     rts430_eabi.lib : exit.c.obj (.text:abort)
                  0000c9de    00000004     monitor.obj (.text:GetTargetEndianness)
                  0000c9e2    00000004     rts430_eabi.lib : pre_init.c.obj (.text:_system_pre_init)
                  0000c9e6    00000002     main.obj (.text:Trap_ISR)
                  0000c9e8    00000002     rts430_eabi.lib : startup.c.obj (.text:_system_post_cinit)

.cinit     0    0000c9ea    00000026     
                  0000c9ea    00000014     (.cinit..data.load) [load image, compression = lzss]
                  0000c9fe    00000006     (__TI_handler_table)
                  0000ca04    00000004     (.cinit..bss.load) [load image, compression = zero_init]
                  0000ca08    00000008     (__TI_cinit_table)

.init_array 
*          0    0000c000    00000000     UNINITIALIZED

PORT1      0    0000ffe4    00000002     
                  0000ffe4    00000002     main.obj (.int02)

PORT2      0    0000ffe6    00000002     
                  0000ffe6    00000002     main.obj (.int03)

ADC10      0    0000ffea    00000002     
                  0000ffea    00000002     main.obj (.int05)

USCIAB0TX 
*          0    0000ffec    00000002     
                  0000ffec    00000002     main.obj (.int06)

USCIAB0RX 
*          0    0000ffee    00000002     
                  0000ffee    00000002     uart.obj (.int07)

TIMER0_A1 
*          0    0000fff0    00000002     
                  0000fff0    00000002     main.obj (.int08)

TIMER0_A0 
*          0    0000fff2    00000002     
                  0000fff2    00000002     main.obj (.int09)

WDT        0    0000fff4    00000002     
                  0000fff4    00000002     main.obj (.int10)

COMPARATORA 
*          0    0000fff6    00000002     
                  0000fff6    00000002     main.obj (.int11)

TIMER1_A1 
*          0    0000fff8    00000002     
                  0000fff8    00000002     main.obj (.int12)

TIMER1_A0 
*          0    0000fffa    00000002     
                  0000fffa    00000002     main.obj (.int13)

NMI        0    0000fffc    00000002     
                  0000fffc    00000002     main.obj (.int14)

.reset     0    0000fffe    00000002     
                  0000fffe    00000002     rts430_eabi.lib : boot.c.obj (.reset)

MODULE SUMMARY

       Module                       code   ro data   rw data
       ------                       ----   -------   -------
    .\
       utility.obj                  1192   0         166    
       monitor.obj                  556    0         72     
       main.obj                     208    22        0      
       uart.obj                     96     2         0      
    +--+----------------------------+------+---------+---------+
       Total:                       2052   24        238    
                                                            
    C:\ti\ccsv8\tools\compiler\ti-cgt-msp430_18.1.4.LTS\lib\rts430_eabi.lib
       copy_decompress_lzss.c.obj   124    0         0      
       lsr16.asm.obj                76     0         0      
       autoinit.c.obj               66     0         0      
       asr16.asm.obj                44     0         0      
       lsl16.asm.obj                44     0         0      
       boot.c.obj                   28     2         0      
       copy_zero_init.c.obj         20     0         0      
       mult16.asm.obj               20     0         0      
       copy_decompress_none.c.obj   18     0         0      
       memcpy.c.obj                 18     0         0      
       epilog.asm.obj               16     0         0      
       exit.c.obj                   6      0         0      
       pre_init.c.obj               4      0         0      
       startup.c.obj                2      0         0      
    +--+----------------------------+------+---------+---------+
       Total:                       486    2         0      
                                                            
       Stack:                       0      0         80     
       Linker Generated:            0      38        0      
    +--+----------------------------+------+---------+---------+
       Grand Total:                 2538   64        318    


LINKER GENERATED COPY TABLES

__TI_cinit_table @ 0000ca08 records: 2, size/record: 4, table size: 8
	.data: load addr=0000c9ea, load size=00000014 bytes, run addr=00000296, run size=00000058 bytes, compression=lzss
	.bss: load addr=0000ca04, load size=00000004 bytes, run addr=00000200, run size=00000096 bytes, compression=zero_init


LINKER GENERATED HANDLER TABLE

__TI_handler_table @ 0000c9fe records: 3, size/record: 2, table size: 6
	index: 0, handler: __TI_zero_init
	index: 1, handler: __TI_decompress_lzss
	index: 2, handler: __TI_decompress_none


GLOBAL SYMBOLS: SORTED ALPHABETICALLY BY Name 

address   name                          
-------   ----                          
0000004a  ADC10AE0                      
000001b0  ADC10CTL0                     
000001b2  ADC10CTL1                     
00000048  ADC10DTC0                     
00000049  ADC10DTC1                     
000001b4  ADC10MEM                      
000001bc  ADC10SA                       
00000057  BCSCTL1                       
00000058  BCSCTL2                       
00000053  BCSCTL3                       
0000c9d8  C$$EXIT                       
00000059  CACTL1                        
0000005a  CACTL2                        
000010fb  CALBC1_12MHZ                  
000010f9  CALBC1_16MHZ                  
000010ff  CALBC1_1MHZ                   
000010fd  CALBC1_8MHZ                   
000010fa  CALDCO_12MHZ                  
000010f8  CALDCO_16MHZ                  
000010fe  CALDCO_1MHZ                   
000010fc  CALDCO_8MHZ                   
0000005b  CAPD                          
0000c9ba  ClearBufferRelatedParam       
00000056  DCOCTL                        
00000128  FCTL1                         
0000012a  FCTL2                         
0000012c  FCTL3                         
000002d4  G_ACCEL_FLAG                  
000002bc  G_ACCEL_RATE                  
000002e6  G_BIN1                        
000002e4  G_BIN2                        
0000027c  G_BLANK_REG                   
000002a2  G_BYPASS_INDEXER              
000002a4  G_BYPASS_INDEXER_OLD          
00000256  G_CTRL_REG                    
000002cc  G_CUR_NUM_STEPS               
000002ce  G_CUR_SPEED                   
000002d0  G_CUR_SPEED_TEMP              
00000282  G_DECAY_REG                   
000002e2  G_DIR_AIN2                    
00000266  G_DRIVE_REG                   
00000296  G_FIRMWARE_VERSION            
0000029a  G_FULL_SCALE_CURRENT          
000002a0  G_ISGAIN_OLD                  
000002da  G_LOAD_CCR_VALS               
000002b2  G_MANUAL_READ                 
000002ac  G_MANUAL_WRITE                
000002c2  G_MOTOR_STATE                 
00000288  G_OFF_REG                     
000002b4  G_READ_ADDR                   
000002a8  G_READ_ALL_REG                
000002b6  G_READ_DATA                   
000002de  G_RESET                       
000002aa  G_RESET_FAULTS                
000002d2  G_SPEED_INCR                  
000002c4  G_SPEED_PROFILE               
000002c6  G_SPEED_PROFILE_LOCK          
00000274  G_STALL_REG                   
000002b8  G_START_STOP_SPEED            
00000244  G_STATUS_REG                  
000002c0  G_STEPS_TO_ACCEL              
000002e0  G_STEP_AIN1                   
000002c8  G_STEP_PROFILE                
000002ca  G_STEP_PROFILE_LOCK           
000002d6  G_TA1CCR0_TEMP                
000002d8  G_TA1CCR1_TEMP                
000002ba  G_TARGET_SPEED                
0000029e  G_TORQUE_OLD                  
0000028e  G_TORQUE_REG                  
000002be  G_TOTAL_NUM_STEPS             
000002ae  G_WRITE_ADDR                  
000002a6  G_WRITE_ALL_REG               
000002b0  G_WRITE_DATA                  
000002e8  G_nFAULT                      
000002dc  G_nSLEEP                      
000002ea  G_nSTALL                      
0000c768  GetInCmdAddress               
0000c9c4  GetInputCmdType               
0000c996  GetRWFlag                     
0000c8a4  GetSizeOfMAUIn8bitByte        
0000c9de  GetTargetEndianness           
0000c9ce  GetTransferSizeInMAU          
0000c6a8  GetWriteCmdDataMAU            
00000000  IE1                           
00000001  IE2                           
00000002  IFG1                          
00000003  IFG2                          
0000c1aa  Initialize                    
0000c5c2  MemAccessCmd                  
00000022  P1DIR                         
00000025  P1IE                          
00000024  P1IES                         
00000023  P1IFG                         
00000020  P1IN                          
00000021  P1OUT                         
00000027  P1REN                         
00000026  P1SEL                         
00000041  P1SEL2                        
0000002a  P2DIR                         
0000002d  P2IE                          
0000002c  P2IES                         
0000002b  P2IFG                         
00000028  P2IN                          
00000029  P2OUT                         
0000002f  P2REN                         
0000002e  P2SEL                         
00000042  P2SEL2                        
0000001a  P3DIR                         
00000018  P3IN                          
00000019  P3OUT                         
00000010  P3REN                         
0000001b  P3SEL                         
00000043  P3SEL2                        
0000c87e  ProcessCommand                
0000c7a2  SPI_DRV8711_ReadWrite         
00000172  TA0CCR0                       
00000174  TA0CCR1                       
00000176  TA0CCR2                       
00000162  TA0CCTL0                      
00000164  TA0CCTL1                      
00000166  TA0CCTL2                      
00000160  TA0CTL                        
0000012e  TA0IV                         
00000170  TA0R                          
00000192  TA1CCR0                       
00000194  TA1CCR1                       
00000196  TA1CCR2                       
00000182  TA1CCTL0                      
00000184  TA1CCTL1                      
00000186  TA1CCTL2                      
00000180  TA1CTL                        
0000011e  TA1IV                         
00000190  TA1R                          
000010db  TLV_ADC10_1_LEN               
000010da  TLV_ADC10_1_TAG               
000010c0  TLV_CHECKSUM                  
000010f7  TLV_DCO_30_LEN                
000010f6  TLV_DCO_30_TAG                
0000c8c2  Timer1_A0                     
0000c72c  Timer1_A1                     
0000c9e6  Trap_ISR                      
0000005d  UCA0ABCTL                     
00000062  UCA0BR0                       
00000063  UCA0BR1                       
00000060  UCA0CTL0                      
00000061  UCA0CTL1                      
0000005f  UCA0IRRCTL                    
0000005e  UCA0IRTCTL                    
00000064  UCA0MCTL                      
00000066  UCA0RXBUF                     
00000065  UCA0STAT                      
00000067  UCA0TXBUF                     
0000006a  UCB0BR0                       
0000006b  UCB0BR1                       
00000068  UCB0CTL0                      
00000069  UCB0CTL1                      
0000006c  UCB0I2CIE                     
00000118  UCB0I2COA                     
0000011a  UCB0I2CSA                     
0000006e  UCB0RXBUF                     
0000006d  UCB0STAT                      
0000006f  UCB0TXBUF                     
0000c82a  USCI0RX_ISR                   
0000c000  UpdateGPIO                    
0000c916  VerifyInputCmdHeaders         
00000120  WDTCTL                        
0000c9a2  WatchDog_Timer                
0000c9ae  Write8bitByteToCOM            
0000c34a  WriteAllRegisters             
0000c976  WriteByteToInCmdBuffer        
0000c65e  WriteMAUToCOM                 
0000c8fc  WriteToCmdBuffer              
00000400  __STACK_END                   
00000050  __STACK_SIZE                  
0000ca08  __TI_CINIT_Base               
0000ca10  __TI_CINIT_Limit              
0000c9fe  __TI_Handler_Table_Base       
0000ca04  __TI_Handler_Table_Limit      
0000c6ea  __TI_auto_init_nobinit_nopinit
0000c478  __TI_decompress_lzss          
0000c952  __TI_decompress_none          
0000ffe4  __TI_int02                    
0000ffe6  __TI_int03                    
0000ffea  __TI_int05                    
0000ffec  __TI_int06                    
0000ffee  __TI_int07                    
0000fff0  __TI_int08                    
0000fff2  __TI_int09                    
0000fff4  __TI_int10                    
0000fff6  __TI_int11                    
0000fff8  __TI_int12                    
0000fffa  __TI_int13                    
0000fffc  __TI_int14                    
ffffffff  __TI_pprof_out_hndl           
ffffffff  __TI_prof_data_size           
ffffffff  __TI_prof_data_start          
0000c92a  __TI_zero_init_nomemset       
ffffffff  __c_args__                    
0000c992  __mspabi_func_epilog_1        
0000c990  __mspabi_func_epilog_2        
0000c98e  __mspabi_func_epilog_3        
0000c98c  __mspabi_func_epilog_4        
0000c98a  __mspabi_func_epilog_5        
0000c988  __mspabi_func_epilog_6        
0000c986  __mspabi_func_epilog_7        
0000c93e  __mspabi_mpyi                 
0000c93e  __mspabi_mpyi_sw              
0000c7fe  __mspabi_slli                 
0000c826  __mspabi_slli_1               
0000c814  __mspabi_slli_10              
0000c812  __mspabi_slli_11              
0000c810  __mspabi_slli_12              
0000c80e  __mspabi_slli_13              
0000c80c  __mspabi_slli_14              
0000c80a  __mspabi_slli_15              
0000c824  __mspabi_slli_2               
0000c822  __mspabi_slli_3               
0000c820  __mspabi_slli_4               
0000c81e  __mspabi_slli_5               
0000c81c  __mspabi_slli_6               
0000c81a  __mspabi_slli_7               
0000c818  __mspabi_slli_8               
0000c816  __mspabi_slli_9               
0000c7d2  __mspabi_srai                 
0000c7fa  __mspabi_srai_1               
0000c7e8  __mspabi_srai_10              
0000c7e6  __mspabi_srai_11              
0000c7e4  __mspabi_srai_12              
0000c7e2  __mspabi_srai_13              
0000c7e0  __mspabi_srai_14              
0000c7de  __mspabi_srai_15              
0000c7f8  __mspabi_srai_2               
0000c7f6  __mspabi_srai_3               
0000c7f4  __mspabi_srai_4               
0000c7f2  __mspabi_srai_5               
0000c7f0  __mspabi_srai_6               
0000c7ee  __mspabi_srai_7               
0000c7ec  __mspabi_srai_8               
0000c7ea  __mspabi_srai_9               
0000c612  __mspabi_srli                 
0000c658  __mspabi_srli_1               
0000c634  __mspabi_srli_10              
0000c630  __mspabi_srli_11              
0000c62c  __mspabi_srli_12              
0000c628  __mspabi_srli_13              
0000c624  __mspabi_srli_14              
0000c620  __mspabi_srli_15              
0000c654  __mspabi_srli_2               
0000c650  __mspabi_srli_3               
0000c64c  __mspabi_srli_4               
0000c648  __mspabi_srli_5               
0000c644  __mspabi_srli_6               
0000c640  __mspabi_srli_7               
0000c63c  __mspabi_srli_8               
0000c638  __mspabi_srli_9               
0000c8e0  _c_int00_noargs               
0000fffe  _reset_vector                 
000003b0  _stack                        
0000c9e8  _system_post_cinit            
0000c9e2  _system_pre_init              
0000c9d8  abort                         
00000200  gInCmdBuffer                  
000002ec  gInCmdBufferIdx               
00000294  gInCmdSkipCount               
0000c4f4  main                          
0000c964  memcpy                        
0000c55c  receivedDataCommand           
0000c854  uartInit                      
0000c9ae  uartTxByte                    


GLOBAL SYMBOLS: SORTED BY Symbol Address 

address   name                          
-------   ----                          
00000000  IE1                           
00000001  IE2                           
00000002  IFG1                          
00000003  IFG2                          
00000010  P3REN                         
00000018  P3IN                          
00000019  P3OUT                         
0000001a  P3DIR                         
0000001b  P3SEL                         
00000020  P1IN                          
00000021  P1OUT                         
00000022  P1DIR                         
00000023  P1IFG                         
00000024  P1IES                         
00000025  P1IE                          
00000026  P1SEL                         
00000027  P1REN                         
00000028  P2IN                          
00000029  P2OUT                         
0000002a  P2DIR                         
0000002b  P2IFG                         
0000002c  P2IES                         
0000002d  P2IE                          
0000002e  P2SEL                         
0000002f  P2REN                         
00000041  P1SEL2                        
00000042  P2SEL2                        
00000043  P3SEL2                        
00000048  ADC10DTC0                     
00000049  ADC10DTC1                     
0000004a  ADC10AE0                      
00000050  __STACK_SIZE                  
00000053  BCSCTL3                       
00000056  DCOCTL                        
00000057  BCSCTL1                       
00000058  BCSCTL2                       
00000059  CACTL1                        
0000005a  CACTL2                        
0000005b  CAPD                          
0000005d  UCA0ABCTL                     
0000005e  UCA0IRTCTL                    
0000005f  UCA0IRRCTL                    
00000060  UCA0CTL0                      
00000061  UCA0CTL1                      
00000062  UCA0BR0                       
00000063  UCA0BR1                       
00000064  UCA0MCTL                      
00000065  UCA0STAT                      
00000066  UCA0RXBUF                     
00000067  UCA0TXBUF                     
00000068  UCB0CTL0                      
00000069  UCB0CTL1                      
0000006a  UCB0BR0                       
0000006b  UCB0BR1                       
0000006c  UCB0I2CIE                     
0000006d  UCB0STAT                      
0000006e  UCB0RXBUF                     
0000006f  UCB0TXBUF                     
00000118  UCB0I2COA                     
0000011a  UCB0I2CSA                     
0000011e  TA1IV                         
00000120  WDTCTL                        
00000128  FCTL1                         
0000012a  FCTL2                         
0000012c  FCTL3                         
0000012e  TA0IV                         
00000160  TA0CTL                        
00000162  TA0CCTL0                      
00000164  TA0CCTL1                      
00000166  TA0CCTL2                      
00000170  TA0R                          
00000172  TA0CCR0                       
00000174  TA0CCR1                       
00000176  TA0CCR2                       
00000180  TA1CTL                        
00000182  TA1CCTL0                      
00000184  TA1CCTL1                      
00000186  TA1CCTL2                      
00000190  TA1R                          
00000192  TA1CCR0                       
00000194  TA1CCR1                       
00000196  TA1CCR2                       
000001b0  ADC10CTL0                     
000001b2  ADC10CTL1                     
000001b4  ADC10MEM                      
000001bc  ADC10SA                       
00000200  gInCmdBuffer                  
00000244  G_STATUS_REG                  
00000256  G_CTRL_REG                    
00000266  G_DRIVE_REG                   
00000274  G_STALL_REG                   
0000027c  G_BLANK_REG                   
00000282  G_DECAY_REG                   
00000288  G_OFF_REG                     
0000028e  G_TORQUE_REG                  
00000294  gInCmdSkipCount               
00000296  G_FIRMWARE_VERSION            
0000029a  G_FULL_SCALE_CURRENT          
0000029e  G_TORQUE_OLD                  
000002a0  G_ISGAIN_OLD                  
000002a2  G_BYPASS_INDEXER              
000002a4  G_BYPASS_INDEXER_OLD          
000002a6  G_WRITE_ALL_REG               
000002a8  G_READ_ALL_REG                
000002aa  G_RESET_FAULTS                
000002ac  G_MANUAL_WRITE                
000002ae  G_WRITE_ADDR                  
000002b0  G_WRITE_DATA                  
000002b2  G_MANUAL_READ                 
000002b4  G_READ_ADDR                   
000002b6  G_READ_DATA                   
000002b8  G_START_STOP_SPEED            
000002ba  G_TARGET_SPEED                
000002bc  G_ACCEL_RATE                  
000002be  G_TOTAL_NUM_STEPS             
000002c0  G_STEPS_TO_ACCEL              
000002c2  G_MOTOR_STATE                 
000002c4  G_SPEED_PROFILE               
000002c6  G_SPEED_PROFILE_LOCK          
000002c8  G_STEP_PROFILE                
000002ca  G_STEP_PROFILE_LOCK           
000002cc  G_CUR_NUM_STEPS               
000002ce  G_CUR_SPEED                   
000002d0  G_CUR_SPEED_TEMP              
000002d2  G_SPEED_INCR                  
000002d4  G_ACCEL_FLAG                  
000002d6  G_TA1CCR0_TEMP                
000002d8  G_TA1CCR1_TEMP                
000002da  G_LOAD_CCR_VALS               
000002dc  G_nSLEEP                      
000002de  G_RESET                       
000002e0  G_STEP_AIN1                   
000002e2  G_DIR_AIN2                    
000002e4  G_BIN2                        
000002e6  G_BIN1                        
000002e8  G_nFAULT                      
000002ea  G_nSTALL                      
000002ec  gInCmdBufferIdx               
000003b0  _stack                        
00000400  __STACK_END                   
000010c0  TLV_CHECKSUM                  
000010da  TLV_ADC10_1_TAG               
000010db  TLV_ADC10_1_LEN               
000010f6  TLV_DCO_30_TAG                
000010f7  TLV_DCO_30_LEN                
000010f8  CALDCO_16MHZ                  
000010f9  CALBC1_16MHZ                  
000010fa  CALDCO_12MHZ                  
000010fb  CALBC1_12MHZ                  
000010fc  CALDCO_8MHZ                   
000010fd  CALBC1_8MHZ                   
000010fe  CALDCO_1MHZ                   
000010ff  CALBC1_1MHZ                   
0000c000  UpdateGPIO                    
0000c1aa  Initialize                    
0000c34a  WriteAllRegisters             
0000c478  __TI_decompress_lzss          
0000c4f4  main                          
0000c55c  receivedDataCommand           
0000c5c2  MemAccessCmd                  
0000c612  __mspabi_srli                 
0000c620  __mspabi_srli_15              
0000c624  __mspabi_srli_14              
0000c628  __mspabi_srli_13              
0000c62c  __mspabi_srli_12              
0000c630  __mspabi_srli_11              
0000c634  __mspabi_srli_10              
0000c638  __mspabi_srli_9               
0000c63c  __mspabi_srli_8               
0000c640  __mspabi_srli_7               
0000c644  __mspabi_srli_6               
0000c648  __mspabi_srli_5               
0000c64c  __mspabi_srli_4               
0000c650  __mspabi_srli_3               
0000c654  __mspabi_srli_2               
0000c658  __mspabi_srli_1               
0000c65e  WriteMAUToCOM                 
0000c6a8  GetWriteCmdDataMAU            
0000c6ea  __TI_auto_init_nobinit_nopinit
0000c72c  Timer1_A1                     
0000c768  GetInCmdAddress               
0000c7a2  SPI_DRV8711_ReadWrite         
0000c7d2  __mspabi_srai                 
0000c7de  __mspabi_srai_15              
0000c7e0  __mspabi_srai_14              
0000c7e2  __mspabi_srai_13              
0000c7e4  __mspabi_srai_12              
0000c7e6  __mspabi_srai_11              
0000c7e8  __mspabi_srai_10              
0000c7ea  __mspabi_srai_9               
0000c7ec  __mspabi_srai_8               
0000c7ee  __mspabi_srai_7               
0000c7f0  __mspabi_srai_6               
0000c7f2  __mspabi_srai_5               
0000c7f4  __mspabi_srai_4               
0000c7f6  __mspabi_srai_3               
0000c7f8  __mspabi_srai_2               
0000c7fa  __mspabi_srai_1               
0000c7fe  __mspabi_slli                 
0000c80a  __mspabi_slli_15              
0000c80c  __mspabi_slli_14              
0000c80e  __mspabi_slli_13              
0000c810  __mspabi_slli_12              
0000c812  __mspabi_slli_11              
0000c814  __mspabi_slli_10              
0000c816  __mspabi_slli_9               
0000c818  __mspabi_slli_8               
0000c81a  __mspabi_slli_7               
0000c81c  __mspabi_slli_6               
0000c81e  __mspabi_slli_5               
0000c820  __mspabi_slli_4               
0000c822  __mspabi_slli_3               
0000c824  __mspabi_slli_2               
0000c826  __mspabi_slli_1               
0000c82a  USCI0RX_ISR                   
0000c854  uartInit                      
0000c87e  ProcessCommand                
0000c8a4  GetSizeOfMAUIn8bitByte        
0000c8c2  Timer1_A0                     
0000c8e0  _c_int00_noargs               
0000c8fc  WriteToCmdBuffer              
0000c916  VerifyInputCmdHeaders         
0000c92a  __TI_zero_init_nomemset       
0000c93e  __mspabi_mpyi                 
0000c93e  __mspabi_mpyi_sw              
0000c952  __TI_decompress_none          
0000c964  memcpy                        
0000c976  WriteByteToInCmdBuffer        
0000c986  __mspabi_func_epilog_7        
0000c988  __mspabi_func_epilog_6        
0000c98a  __mspabi_func_epilog_5        
0000c98c  __mspabi_func_epilog_4        
0000c98e  __mspabi_func_epilog_3        
0000c990  __mspabi_func_epilog_2        
0000c992  __mspabi_func_epilog_1        
0000c996  GetRWFlag                     
0000c9a2  WatchDog_Timer                
0000c9ae  Write8bitByteToCOM            
0000c9ae  uartTxByte                    
0000c9ba  ClearBufferRelatedParam       
0000c9c4  GetInputCmdType               
0000c9ce  GetTransferSizeInMAU          
0000c9d8  C$$EXIT                       
0000c9d8  abort                         
0000c9de  GetTargetEndianness           
0000c9e2  _system_pre_init              
0000c9e6  Trap_ISR                      
0000c9e8  _system_post_cinit            
0000c9fe  __TI_Handler_Table_Base       
0000ca04  __TI_Handler_Table_Limit      
0000ca08  __TI_CINIT_Base               
0000ca10  __TI_CINIT_Limit              
0000ffe4  __TI_int02                    
0000ffe6  __TI_int03                    
0000ffea  __TI_int05                    
0000ffec  __TI_int06                    
0000ffee  __TI_int07                    
0000fff0  __TI_int08                    
0000fff2  __TI_int09                    
0000fff4  __TI_int10                    
0000fff6  __TI_int11                    
0000fff8  __TI_int12                    
0000fffa  __TI_int13                    
0000fffc  __TI_int14                    
0000fffe  _reset_vector                 
ffffffff  __TI_pprof_out_hndl           
ffffffff  __TI_prof_data_size           
ffffffff  __TI_prof_data_start          
ffffffff  __c_args__                    

[269 symbols]
